Component: ARM Compiler 5.05 update 1 (build 106) Tool: armlink [4d0efa]

==============================================================================

Section Cross References

    system_stm32f4xx.o(i.SystemCoreClockUpdate) refers to system_stm32f4xx.o(.data) for .data
    system_stm32f4xx.o(i.SystemCoreClockUpdate) refers to system_stm32f4xx.o(.constdata) for .constdata
    delay.o(i.delay_init) refers to stm32f4xx_hal_cortex.o(i.HAL_SYSTICK_CLKSourceConfig) for HAL_SYSTICK_CLKSourceConfig
    delay.o(i.delay_init) refers to delay.o(.data) for .data
    delay.o(i.delay_ms) refers to delay.o(i.delay_us) for delay_us
    delay.o(i.delay_us) refers to delay.o(.data) for .data
    sys.o(i.Stm32_Clock_Init) refers to stm32f4xx_hal_rcc.o(i.HAL_RCC_OscConfig) for HAL_RCC_OscConfig
    sys.o(i.Stm32_Clock_Init) refers to stm32f4xx_hal_pwr_ex.o(i.HAL_PWREx_EnableOverDrive) for HAL_PWREx_EnableOverDrive
    sys.o(i.Stm32_Clock_Init) refers to stm32f4xx_hal_rcc.o(i.HAL_RCC_ClockConfig) for HAL_RCC_ClockConfig
    usart.o(i.HAL_UART_RxCpltCallback) refers to main.o(.data) for aRxBuffer_1
    usart.o(i.HAL_UART_RxCpltCallback) refers to main.o(.data) for packflag_1
    usart.o(i.HAL_UART_RxCpltCallback) refers to main.o(.data) for flag_usart_1
    usart.o(i.HAL_UART_RxCpltCallback) refers to main.o(.data) for USART_RX_STA_1
    usart.o(i.HAL_UART_RxCpltCallback) refers to main.o(.bss) for Rx_buff_1
    usart.o(i.HAL_UART_RxCpltCallback) refers to main.o(.data) for aRxBuffer_2
    usart.o(i.HAL_UART_RxCpltCallback) refers to main.o(.data) for packflag_2
    usart.o(i.HAL_UART_RxCpltCallback) refers to main.o(.data) for flag_usart_2
    usart.o(i.HAL_UART_RxCpltCallback) refers to main.o(.data) for USART_RX_STA_2
    usart.o(i.HAL_UART_RxCpltCallback) refers to main.o(.bss) for Rx_buff_2
    usart.o(i.HAL_UART_RxCpltCallback) refers to main.o(.data) for aRxBuffer_3
    usart.o(i.HAL_UART_RxCpltCallback) refers to main.o(.data) for packflag_3
    usart.o(i.HAL_UART_RxCpltCallback) refers to main.o(.data) for flag_usart_3
    usart.o(i.HAL_UART_RxCpltCallback) refers to main.o(.bss) for Rx_buff_3
    usart.o(i.USART1_IRQHandler) refers to stm32f4xx_hal_uart.o(i.HAL_UART_IRQHandler) for HAL_UART_IRQHandler
    usart.o(i.USART1_IRQHandler) refers to stm32f4xx_hal_uart.o(i.HAL_UART_GetState) for HAL_UART_GetState
    usart.o(i.USART1_IRQHandler) refers to stm32f4xx_hal_uart.o(i.HAL_UART_Receive_IT) for HAL_UART_Receive_IT
    usart.o(i.USART1_IRQHandler) refers to main.o(.bss) for huart1
    usart.o(i.USART1_IRQHandler) refers to main.o(.data) for aRxBuffer_1
    usart.o(i.USART2_IRQHandler) refers to stm32f4xx_hal_uart.o(i.HAL_UART_IRQHandler) for HAL_UART_IRQHandler
    usart.o(i.USART2_IRQHandler) refers to stm32f4xx_hal_uart.o(i.HAL_UART_GetState) for HAL_UART_GetState
    usart.o(i.USART2_IRQHandler) refers to stm32f4xx_hal_uart.o(i.HAL_UART_Receive_IT) for HAL_UART_Receive_IT
    usart.o(i.USART2_IRQHandler) refers to main.o(.bss) for huart2
    usart.o(i.USART2_IRQHandler) refers to main.o(.data) for aRxBuffer_2
    usart.o(i.USART3_IRQHandler) refers to stm32f4xx_hal_uart.o(i.HAL_UART_IRQHandler) for HAL_UART_IRQHandler
    usart.o(i.USART3_IRQHandler) refers to stm32f4xx_hal_uart.o(i.HAL_UART_GetState) for HAL_UART_GetState
    usart.o(i.USART3_IRQHandler) refers to stm32f4xx_hal_uart.o(i.HAL_UART_Receive_IT) for HAL_UART_Receive_IT
    usart.o(i.USART3_IRQHandler) refers to main.o(.bss) for huart3
    usart.o(i.USART3_IRQHandler) refers to main.o(.data) for aRxBuffer_3
    usart.o(i.Uart_Analyse) refers to malloc.o(i.malloc) for malloc
    usart.o(i.Uart_Analyse) refers to main.o(.data) for n
    usart.o(i.Uart_Analyse) refers to main.o(.data) for Track_buff
    usart.o(i.Uart_Analyse) refers to usart.o(.data) for .data
    usart.o(i.Uart_Analyse) refers to main.o(.bss) for Rx_buff_33
    usart.o(i.Uart_Store) refers to printf1.o(i.__0printf$1) for __2printf
    usart.o(i.Uart_Store) refers to main.o(.data) for packflag_3
    usart.o(i.Uart_Store) refers to main.o(.data) for len
    usart.o(i.Uart_Store) refers to usart.o(.data) for .data
    usart.o(i.Uart_Store) refers to main.o(.bss) for Rx_buff_33
    usart.o(i.Uart_Store) refers to main.o(.data) for n
    usart.o(i.Uart_test) refers to printf1.o(i.__0printf$1) for __2printf
    usart.o(i.Uart_test) refers to stm32f4xx_hal_uart.o(i.HAL_UART_Transmit) for HAL_UART_Transmit
    usart.o(i.Uart_test) refers to delay.o(i.delay_ms) for delay_ms
    usart.o(i.Uart_test) refers to main.o(.data) for packflag_2
    usart.o(i.Uart_test) refers to main.o(.data) for times
    usart.o(i.Uart_test) refers to main.o(.data) for USART_RX_STA_2
    usart.o(i.Uart_test) refers to main.o(.data) for len
    usart.o(i.Uart_test) refers to main.o(.bss) for Rx_buff_2
    usart.o(i.Uart_test) refers to main.o(.bss) for huart2
    usart.o(i.free_array) refers to malloc.o(i.free) for free
    usart.o(i.free_array) refers to usart.o(.data) for .data
[...]
    Removing stm32f4xx_it.o(.revsh_text), (4 bytes).
    Removing stm32f4xx_it.o(.rrx_text), (6 bytes).
    Removing stm32f4xx_hal_msp.o(.rev16_text), (4 bytes).
    Removing stm32f4xx_hal_msp.o(.revsh_text), (4 bytes).
    Removing stm32f4xx_hal_msp.o(.rrx_text), (6 bytes).
    Removing stm32f4xx_hal_msp.o(i.HAL_ADC_MspDeInit), (60 bytes).
    Removing stm32f4xx_hal_msp.o(i.HAL_TIM_Base_MspDeInit), (48 bytes).
    Removing stm32f4xx_hal_msp.o(i.HAL_UART_MspDeInit), (136 bytes).
    Removing main.o(.rev16_text), (4 bytes).
    Removing main.o(.revsh_text), (4 bytes).
    Removing main.o(.rrx_text), (6 bytes).
    Removing main.o(.data), (2 bytes).
    Removing main.o(.data), (2 bytes).
    Removing main.o(.data), (4 bytes).
    Removing main.o(.data), (4 bytes).
    Removing main.o(.data), (3 bytes).
    Removing main.o(.data), (3 bytes).
    Removing main.o(.data), (3 bytes).
    Removing main.o(.data), (3 bytes).
    Removing main.o(.data), (3 bytes).
    Removing main.o(.data), (4 bytes).
    Removing main.o(.data), (4 bytes).
    Removing main.o(.data), (4 bytes).
    Removing dadd.o(.text), (334 bytes).
    Removing dmul.o(.text), (228 bytes).
    Removing ddiv.o(.text), (222 bytes).
    Removing dfixul.o(.text), (48 bytes).
    Removing cdrcmple.o(.text), (48 bytes).
    Removing depilogue.o(.text), (186 bytes).

467 unused section(s) (total 28125 bytes) removed from the image.

==============================================================================

Image Symbol Table

    Local Symbols

    Symbol Name                              Value     Ov Type        Size  Object(Section)

    ../Drivers/CMSIS//Device/ST/STM32F4xx/Source/Templates/system_stm32f4xx.c 0x00000000   Number         0  system_stm32f4xx.o ABSOLUTE
    ../Drivers/STM32F4xx_HAL_Driver/Src/stm32f4xx_hal.c 0x00000000   Number         0  stm32f4xx_hal.o ABSOLUTE
    ../Drivers/STM32F4xx_HAL_Driver/Src/stm32f4xx_hal_adc.c 0x00000000   Number         0  stm32f4xx_hal_adc.o ABSOLUTE
    ../Drivers/STM32F4xx_HAL_Driver/Src/stm32f4xx_hal_adc_ex.c 0x00000000   Number         0  stm32f4xx_hal_adc_ex.o ABSOLUTE
    ../Drivers/STM32F4xx_HAL_Driver/Src/stm32f4xx_hal_cortex.c 0x00000000   Number         0  stm32f4xx_hal_cortex.o ABSOLUTE
    ../Drivers/STM32F4xx_HAL_Driver/Src/stm32f4xx_hal_dma.c 0x00000000   Number         0  stm32f4xx_hal_dma.o ABSOLUTE
    ../Drivers/STM32F4xx_HAL_Driver/Src/stm32f4xx_hal_dma_ex.c 0x00000000   Number         0  stm32f4xx_hal_dma_ex.o ABSOLUTE
    ../Drivers/STM32F4xx_HAL_Driver/Src/stm32f4xx_hal_flash.c 0x00000000   Number         0  stm32f4xx_hal_flash.o ABSOLUTE
    ../Drivers/STM32F4xx_HAL_Driver/Src/stm32f4xx_hal_flash_ex.c 0x00000000   Number         0  stm32f4xx_hal_flash_ex.o ABSOLUTE
    ../Drivers/STM32F4xx_HAL_Driver/Src/stm32f4xx_hal_flash_ramfunc.c 0x00000000   Number         0  stm32f4xx_hal_flash_ramfunc.o ABSOLUTE
    ../Drivers/STM32F4xx_HAL_Driver/Src/stm32f4xx_hal_gpio.c 0x00000000   Number         0  stm32f4xx_hal_gpio.o ABSOLUTE
    ../Drivers/STM32F4xx_HAL_Driver/Src/stm32f4xx_hal_pwr.c 0x00000000   Number         0  stm32f4xx_hal_pwr.o ABSOLUTE
    ../Drivers/STM32F4xx_HAL_Driver/Src/stm32f4xx_hal_pwr_ex.c 0x00000000   Number         0  stm32f4xx_hal_pwr_ex.o ABSOLUTE
    ../Drivers/STM32F4xx_HAL_Driver/Src/stm32f4xx_hal_rcc.c 0x00000000   Number         0  stm32f4xx_hal_rcc.o ABSOLUTE
    ../Drivers/STM32F4xx_HAL_Driver/Src/stm32f4xx_hal_rcc_ex.c 0x00000000   Number         0  stm32f4xx_hal_rcc_ex.o ABSOLUTE
    ../Drivers/STM32F4xx_HAL_Driver/Src/stm32f4xx_hal_tim.c 0x00000000   Number         0  stm32f4xx_hal_tim.o ABSOLUTE
    ../Drivers/STM32F4xx_HAL_Driver/Src/stm32f4xx_hal_tim_ex.c 0x00000000   Number         0  stm32f4xx_hal_tim_ex.o ABSOLUTE
    ../Drivers/STM32F4xx_HAL_Driver/Src/stm32f4xx_hal_uart.c 0x00000000   Number         0  stm32f4xx_hal_uart.o ABSOLUTE
    ../Src/main.c                            0x00000000   Number         0  main.o ABSOLUTE
    ../Src/stm32f4xx_hal_msp.c               0x00000000   Number         0  stm32f4xx_hal_msp.o ABSOLUTE
    ../Src/stm32f4xx_it.c                    0x00000000   Number         0  stm32f4xx_it.o ABSOLUTE
    ../clib/microlib/division.c              0x00000000   Number         0  uidiv.o ABSOLUTE
    ../clib/microlib/division.c              0x00000000   Number         0  uldiv.o ABSOLUTE
    ../clib/microlib/init/entry.s            0x00000000   Number         0  entry7a.o ABSOLUTE
    ../clib/microlib/init/entry.s            0x00000000   Number         0  entry7b.o ABSOLUTE
    ../clib/microlib/init/entry.s            0x00000000   Number         0  entry8a.o ABSOLUTE
    ../clib/microlib/init/entry.s            0x00000000   Number         0  entry.o ABSOLUTE
    ../clib/microlib/init/entry.s            0x00000000   Number         0  entry11b.o ABSOLUTE
    ../clib/microlib/init/entry.s            0x00000000   Number         0  entry8b.o ABSOLUTE
    ../clib/microlib/init/entry.s            0x00000000   Number         0  entry9a.o ABSOLUTE
    ../clib/microlib/init/entry.s            0x00000000   Number         0  entry2.o ABSOLUTE
    ../clib/microlib/init/entry.s            0x00000000   Number         0  entry9b.o ABSOLUTE
    ../clib/microlib/init/entry.s            0x00000000   Number         0  entry5.o ABSOLUTE
    ../clib/microlib/init/entry.s            0x00000000   Number         0  entry10b.o ABSOLUTE
    ../clib/microlib/init/entry.s            0x00000000   Number         0  entry10a.o ABSOLUTE
    ../clib/microlib/init/entry.s            0x00000000   Number         0  entry11a.o ABSOLUTE
    ../clib/microlib/longlong.c              0x00000000   Number         0  llsshr.o ABSOLUTE
    ../clib/microlib/longlong.c              0x00000000   Number         0  llushr.o ABSOLUTE
    ../clib/microlib/longlong.c              0x00000000   Number         0  llshl.o ABSOLUTE
    ../clib/microlib/malloc/malloc.c         0x00000000   Number         0  malloc.o ABSOLUTE
    ../clib/microlib/malloc/malloc.c         0x00000000   Number         0  mallocr.o ABSOLUTE
    ../clib/microlib/malloc/malloc.c         0x00000000   Number         0  malloca.o ABSOLUTE
    ../clib/microlib/malloc/malloc.c         0x00000000   Number         0  mallocra.o ABSOLUTE
    ../clib/microlib/malloc/mvars.c          0x00000000   Number         0  mvars.o ABSOLUTE
    ../clib/microlib/printf/printf.c         0x00000000   Number         0  printf1.o ABSOLUTE
    ../clib/microlib/printf/printf.c         0x00000000   Number         0  printfb.o ABSOLUTE
    ../clib/microlib/printf/printf.c         0x00000000   Number         0  printf0.o ABSOLUTE
    ../clib/microlib/printf/printf.c         0x00000000   Number         0  printfa.o ABSOLUTE
    ../clib/microlib/printf/printf.c         0x00000000   Number         0  printf8.o ABSOLUTE
    ../clib/microlib/printf/printf.c         0x00000000   Number         0  printf2.o ABSOLUTE
    ../clib/microlib/printf/printf.c         0x00000000   Number         0  printf6.o ABSOLUTE
    ../clib/microlib/printf/printf.c         0x00000000   Number         0  printf5.o ABSOLUTE
    ../clib/microlib/printf/printf.c         0x00000000   Number         0  printf7.o ABSOLUTE
    ../clib/microlib/printf/printf.c         0x00000000   Number         0  printf4.o ABSOLUTE
    ../clib/microlib/printf/printf.c         0x00000000   Number         0  printf3.o ABSOLUTE
    ../clib/microlib/printf/stubs.s          0x00000000   Number         0  stubs.o ABSOLUTE
    ../clib/microlib/stdio/streams.c         0x00000000   Number         0  stdout.o ABSOLUTE
    ../clib/microlib/string/memcpy.c         0x00000000   Number         0  memcpya.o ABSOLUTE
    ../clib/microlib/string/memcpy.c         0x00000000   Number         0  memcpyb.o ABSOLUTE
    ../clib/microlib/stubs.s                 0x00000000   Number         0  iusefp.o ABSOLUTE
    ../fplib/microlib/fpadd.c                0x00000000   Number         0  dadd.o ABSOLUTE
    ../fplib/microlib/fpdiv.c                0x00000000   Number         0  ddiv.o ABSOLUTE
    ../fplib/microlib/fpepilogue.c           0x00000000   Number         0  depilogue.o ABSOLUTE
    ../fplib/microlib/fpfix.c                0x00000000   Number         0  dfixul.o ABSOLUTE
    ../fplib/microlib/fpmul.c                0x00000000   Number         0  dmul.o ABSOLUTE
    ..\Drivers\CMSIS\\Device\ST\STM32F4xx\Source\Templates\system_stm32f4xx.c 0x00000000   Number         0  system_stm32f4xx.o ABSOLUTE
    ..\Drivers\STM32F4xx_HAL_Driver\Src\stm32f4xx_hal.c 0x00000000   Number         0  stm32f4xx_hal.o ABSOLUTE
    ..\Drivers\STM32F4xx_HAL_Driver\Src\stm32f4xx_hal_adc.c 0x00000000   Number         0  stm32f4xx_hal_adc.o ABSOLUTE
    ..\Drivers\STM32F4xx_HAL_Driver\Src\stm32f4xx_hal_adc_ex.c 0x00000000   Number         0  stm32f4xx_hal_adc_ex.o ABSOLUTE
    ..\Drivers\STM32F4xx_HAL_Driver\Src\stm32f4xx_hal_cortex.c 0x00000000   Number         0  stm32f4xx_hal_cortex.o ABSOLUTE
    ..\Drivers\STM32F4xx_HAL_Driver\Src\stm32f4xx_hal_dma.c 0x00000000   Number         0  stm32f4xx_hal_dma.o ABSOLUTE
    ..\Drivers\STM32F4xx_HAL_Driver\Src\stm32f4xx_hal_dma_ex.c 0x00000000   Number         0  stm32f4xx_hal_dma_ex.o ABSOLUTE
    ..\Drivers\STM32F4xx_HAL_Driver\Src\stm32f4xx_hal_flash.c 0x00000000   Number         0  stm32f4xx_hal_flash.o ABSOLUTE
    ..\Drivers\STM32F4xx_HAL_Driver\Src\stm32f4xx_hal_flash_ex.c 0x00000000   Number         0  stm32f4xx_hal_flash_ex.o ABSOLUTE
    ..\Drivers\STM32F4xx_HAL_Driver\Src\stm32f4xx_hal_flash_ramfunc.c 0x00000000   Number         0  stm32f4xx_hal_flash_ramfunc.o ABSOLUTE
    ..\Drivers\STM32F4xx_HAL_Driver\Src\stm32f4xx_hal_gpio.c 0x00000000   Number         0  stm32f4xx_hal_gpio.o ABSOLUTE
    ..\Drivers\STM32F4xx_HAL_Driver\Src\stm32f4xx_hal_pwr.c 0x00000000   Number         0  stm32f4xx_hal_pwr.o ABSOLUTE
    ..\Drivers\STM32F4xx_HAL_Driver\Src\stm32f4xx_hal_pwr_ex.c 0x00000000   Number         0  stm32f4xx_hal_pwr_ex.o ABSOLUTE
    ..\Drivers\STM32F4xx_HAL_Driver\Src\stm32f4xx_hal_rcc.c 0x00000000   Number         0  stm32f4xx_hal_rcc.o ABSOLUTE
    ..\Drivers\STM32F4xx_HAL_Driver\Src\stm32f4xx_hal_rcc_ex.c 0x00000000   Number         0  stm32f4xx_hal_rcc_ex.o ABSOLUTE
    ..\Drivers\STM32F4xx_HAL_Driver\Src\stm32f4xx_hal_tim.c 0x00000000   Number         0  stm32f4xx_hal_tim.o ABSOLUTE
    ..\Drivers\STM32F4xx_HAL_Driver\Src\stm32f4xx_hal_tim_ex.c 0x00000000   Number         0  stm32f4xx_hal_tim_ex.o ABSOLUTE
    ..\Drivers\STM32F4xx_HAL_Driver\Src\stm32f4xx_hal_uart.c 0x00000000   Number         0  stm32f4xx_hal_uart.o ABSOLUTE
    ..\Src\main.c                            0x00000000   Number         0  main.o ABSOLUTE
    ..\Src\stm32f4xx_hal_msp.c               0x00000000   Number         0  stm32f4xx_hal_msp.o ABSOLUTE
    ..\Src\stm32f4xx_it.c                    0x00000000   Number         0  stm32f4xx_it.o ABSOLUTE
    ..\\wave-iic\\ks103\\ks103.c             0x00000000   Number         0  ks103.o ABSOLUTE
    ..\\wave-iic\\myiic\\myiic2.c            0x00000000   Number         0  myiic2.o ABSOLUTE
    ..\wave-iic\ks103\ks103.c                0x00000000   Number         0  ks103.o ABSOLUTE
    ..\wave-iic\myiic\myiic2.c               0x00000000   Number         0  myiic2.o ABSOLUTE
    24c02\24cxx.c                            0x00000000   Number         0  24cxx.o ABSOLUTE
    24c02\\24cxx.c                           0x00000000   Number         0  24cxx.o ABSOLUTE
    24c02\\myiic.c                           0x00000000   Number         0  myiic_1.o ABSOLUTE
    24c02\myiic.c                            0x00000000   Number         0  myiic_1.o ABSOLUTE
    System\\delay\\delay.c                   0x00000000   Number         0  delay.o ABSOLUTE
    System\\sys\\sys.c                       0x00000000   Number         0  sys.o ABSOLUTE
    System\delay\delay.c                     0x00000000   Number         0  delay.o ABSOLUTE
    System\sys\sys.c                         0x00000000   Number         0  sys.o ABSOLUTE
    cdrcmple.s                               0x00000000   Number         0  cdrcmple.o ABSOLUTE
    dc.s                                     0x00000000   Number         0  dc.o ABSOLUTE
    eeprom\\eeprom.c                         0x00000000   Number         0  eeprom.o ABSOLUTE
    eeprom\eeprom.c                          0x00000000   Number         0  eeprom.o ABSOLUTE
    handlers.s                               0x00000000   Number         0  handlers.o ABSOLUTE
    init.s                                   0x00000000   Number         0  init.o ABSOLUTE
    init\\adc_dma.c                          0x00000000   Number         0  adc_dma.o ABSOLUTE
    init\\gpio_init.c                        0x00000000   Number         0  gpio_init.o ABSOLUTE
    init\\pwm.c                              0x00000000   Number         0  pwm.o ABSOLUTE
    init\\sysclock.c                         0x00000000   Number         0  sysclock.o ABSOLUTE
    init\\uart_init.c                        0x00000000   Number         0  uart_init.o ABSOLUTE
    init\adc_dma.c                           0x00000000   Number         0  adc_dma.o ABSOLUTE
    init\gpio_init.c                         0x00000000   Number         0  gpio_init.o ABSOLUTE
    init\pwm.c                               0x00000000   Number         0  pwm.o ABSOLUTE
    init\sysclock.c                          0x00000000   Number         0  sysclock.o ABSOLUTE
    init\uart_init.c                         0x00000000   Number         0  uart_init.o ABSOLUTE
    lcd\LCD_Driver.c                         0x00000000   Number         0  lcd_driver.o ABSOLUTE
    lcd\\LCD_Driver.c                        0x00000000   Number         0  lcd_driver.o ABSOLUTE
    motor\\motor.c                           0x00000000   Number         0  motor.o ABSOLUTE
    motor\motor.c                            0x00000000   Number         0  motor.o ABSOLUTE
    startup_stm32f429xx.s                    0x00000000   Number         0  startup_stm32f429xx.o ABSOLUTE
    usart\\usart.c                           0x00000000   Number         0  usart.o ABSOLUTE
    usart\usart.c                            0x00000000   Number         0  usart.o ABSOLUTE
    RESET                                    0x08000000   Section      428  startup_stm32f429xx.o(RESET)
    .ARM.Collect$$$$00000000                 0x080001ac   Section        0  entry.o(.ARM.Collect$$$$00000000)
    .ARM.Collect$$$$00000001                 0x080001ac   Section        4  entry2.o(.ARM.Collect$$$$00000001)
    .ARM.Collect$$$$00000004                 0x080001b0   Section        4  entry5.o(.ARM.Collect$$$$00000004)
    .ARM.Collect$$$$00000008                 0x080001b4   Section        0  entry7b.o(.ARM.Collect$$$$00000008)
    .ARM.Collect$$$$0000000A                 0x080001b4   Section        0  entry8b.o(.ARM.Collect$$$$0000000A)
    .ARM.Collect$$$$0000000B                 0x080001b4   Section        8  entry9a.o(.ARM.Collect$$$$0000000B)
    .ARM.Collect$$$$0000000D                 0x080001bc   Section        0  entry10a.o(.ARM.Collect$$$$0000000D)
    .ARM.Collect$$$$0000000F                 0x080001bc   Section        0  entry11a.o(.ARM.Collect$$$$0000000F)
    .ARM.Collect$$$$00002712                 0x080001bc   Section        4  entry2.o(.ARM.Collect$$$$00002712)
    __lit__00000000                          0x080001bc   Data           4  entry2.o(.ARM.Collect$$$$00002712)
    .text                                    0x080001c0   Section       36  startup_stm32f429xx.o(.text)
    $v0                                      0x080001c0   Number         0  startup_stm32f429xx.o(.text)
    .text                                    0x080001e4   Section        0  uidiv.o(.text)
    .text                                    0x08000210   Section       36  init.o(.text)
    i.ADC_Average                            0x08000234   Section        0  adc_dma.o(i.ADC_Average)
    i.ADC_DMAConvCplt                        0x080002bc   Section        0  stm32f4xx_hal_adc.o(i.ADC_DMAConvCplt)
    ADC_DMAConvCplt                          0x080002bd   Thumb Code    98  stm32f4xx_hal_adc.o(i.ADC_DMAConvCplt)
    i.ADC_DMAError                           0x0800031e   Section        0  stm32f4xx_hal_adc.o(i.ADC_DMAError)
    ADC_DMAError                             0x0800031f   Thumb Code    22  stm32f4xx_hal_adc.o(i.ADC_DMAError)
    i.ADC_DMAHalfConvCplt                    0x08000334   Section        0  stm32f4xx_hal_adc.o(i.ADC_DMAHalfConvCplt)
    ADC_DMAHalfConvCplt                      0x08000335   Thumb Code    10  stm32f4xx_hal_adc.o(i.ADC_DMAHalfConvCplt)
    i.ADC_IRQHandler                         0x08000340   Section        0  stm32f4xx_it.o(i.ADC_IRQHandler)
    i.ADC_Init                               0x0800034c   Section        0  stm32f4xx_hal_adc.o(i.ADC_Init)
    ADC_Init                                 0x0800034d   Thumb Code   300  stm32f4xx_hal_adc.o(i.ADC_Init)
    i.Ahead_Trailing                         0x08000480   Section        0  motor.o(i.Ahead_Trailing)
    i.Answer                                 0x080006f8   Section        0  motor.o(i.Answer)
    i.Back_Trailing                          0x08000738   Section        0  motor.o(i.Back_Trailing)
    i.BusFault_Handler                       0x080009b4   Section        0  stm32f4xx_it.o(i.BusFault_Handler)
    i.DMA2_Stream0_IRQHandler                0x080009b8   Section        0  stm32f4xx_it.o(i.DMA2_Stream0_IRQHandler)
    i.DMA_CalcBaseAndBitshift                0x080009c4   Section        0  stm32f4xx_hal_dma.o(i.DMA_CalcBaseAndBitshift)
    DMA_CalcBaseAndBitshift                  0x080009c5   Thumb Code    34  stm32f4xx_hal_dma.o(i.DMA_CalcBaseAndBitshift)
    i.DMA_CheckFifoParam                     0x080009ec   Section        0  stm32f4xx_hal_dma.o(i.DMA_CheckFifoParam)
    DMA_CheckFifoParam                       0x080009ed   Thumb Code    84  stm32f4xx_hal_dma.o(i.DMA_CheckFifoParam)
    i.DMA_SetConfig                          0x08000a40   Section        0  stm32f4xx_hal_dma.o(i.DMA_SetConfig)
    DMA_SetConfig                            0x08000a41   Thumb Code    40  stm32f4xx_hal_dma.o(i.DMA_SetConfig)
    i.DebugMon_Handler                       0x08000a68   Section        0  stm32f4xx_it.o(i.DebugMon_Handler)
    i.Display                                0x08000a6a   Section        0  lcd_driver.o(i.Display)
    i.Error_Handler                          0x08000a9a   Section        0  sysclock.o(i.Error_Handler)
    i.Find_Rfid                              0x08000a9c   Section        0  motor.o(i.Find_Rfid)
    i.Find_Rfid_Match                        0x08000b40   Section        0  motor.o(i.Find_Rfid_Match)
    i.HAL_ADCEx_InjectedConvCpltCallback     0x08000c1c   Section        0  stm32f4xx_hal_adc_ex.o(i.HAL_ADCEx_InjectedConvCpltCallback)
    i.HAL_ADC_ConfigChannel                  0x08000c20   Section        0  stm32f4xx_hal_adc.o(i.HAL_ADC_ConfigChannel)
    i.HAL_ADC_ConvCpltCallback               0x08000d74   Section        0  stm32f4xx_hal_adc.o(i.HAL_ADC_ConvCpltCallback)
    i.HAL_ADC_ConvHalfCpltCallback           0x08000d76   Section        0  stm32f4xx_hal_adc.o(i.HAL_ADC_ConvHalfCpltCallback)
    i.HAL_ADC_ErrorCallback                  0x08000d78   Section        0  stm32f4xx_hal_adc.o(i.HAL_ADC_ErrorCallback)
    i.HAL_ADC_IRQHandler                     0x08000d7a   Section        0  stm32f4xx_hal_adc.o(i.HAL_ADC_IRQHandler)
    i.HAL_ADC_Init                           0x08000eb6   Section        0  stm32f4xx_hal_adc.o(i.HAL_ADC_Init)
    i.HAL_ADC_LevelOutOfWindowCallback       0x08000f0a   Section        0  stm32f4xx_hal_adc.o(i.HAL_ADC_LevelOutOfWindowCallback)
    i.HAL_ADC_MspInit                        0x08000f0c   Section        0  stm32f4xx_hal_msp.o(i.HAL_ADC_MspInit)
    i.HAL_ADC_Start_DMA                      0x08000f8c   Section        0  stm32f4xx_hal_adc.o(i.HAL_ADC_Start_DMA)
    i.HAL_DMA_Abort_IT                       0x08001088   Section        0  stm32f4xx_hal_dma.o(i.HAL_DMA_Abort_IT)
    i.HAL_DMA_IRQHandler                     0x080010ac   Section        0  stm32f4xx_hal_dma.o(i.HAL_DMA_IRQHandler)
    i.HAL_DMA_Init                           0x08001254   Section        0  stm32f4xx_hal_dma.o(i.HAL_DMA_Init)
    i.HAL_DMA_Start_IT                       0x08001324   Section        0  stm32f4xx_hal_dma.o(i.HAL_DMA_Start_IT)
    i.HAL_GPIO_Init                          0x0800139c   Section        0  stm32f4xx_hal_gpio.o(i.HAL_GPIO_Init)
    i.HAL_GPIO_ReadPin                       0x08001568   Section        0  stm32f4xx_hal_gpio.o(i.HAL_GPIO_ReadPin)
    i.HAL_GPIO_WritePin                      0x08001572   Section        0  stm32f4xx_hal_gpio.o(i.HAL_GPIO_WritePin)
    i.HAL_GetTick                            0x0800157c   Section        0  stm32f4xx_hal.o(i.HAL_GetTick)
    i.HAL_IncTick                            0x08001588   Section        0  stm32f4xx_hal.o(i.HAL_IncTick)
    i.HAL_Init                               0x08001598   Section        0  stm32f4xx_hal.o(i.HAL_Init)
    i.HAL_InitTick                           0x080015cc   Section        0  stm32f4xx_hal.o(i.HAL_InitTick)
    i.HAL_MspInit                            0x080015f4   Section        0  stm32f4xx_hal_msp.o(i.HAL_MspInit)
    i.HAL_NVIC_EnableIRQ                     0x0800164c   Section        0  stm32f4xx_hal_cortex.o(i.HAL_NVIC_EnableIRQ)
    i.HAL_NVIC_SetPriority                   0x08001664   Section        0  stm32f4xx_hal_cortex.o(i.HAL_NVIC_SetPriority)
    i.HAL_NVIC_SetPriorityGrouping           0x080016a4   Section        0  stm32f4xx_hal_cortex.o(i.HAL_NVIC_SetPriorityGrouping)
    i.HAL_PWREx_EnableOverDrive              0x080016c8   Section        0  stm32f4xx_hal_pwr_ex.o(i.HAL_PWREx_EnableOverDrive)
    i.HAL_RCC_ClockConfig                    0x08001754   Section        0  stm32f4xx_hal_rcc.o(i.HAL_RCC_ClockConfig)
    i.HAL_RCC_GetHCLKFreq                    0x080018d0   Section        0  stm32f4xx_hal_rcc.o(i.HAL_RCC_GetHCLKFreq)
    i.HAL_RCC_GetPCLK1Freq                   0x080018dc   Section        0  stm32f4xx_hal_rcc.o(i.HAL_RCC_GetPCLK1Freq)
    i.HAL_RCC_GetPCLK2Freq                   0x0800190c   Section        0  stm32f4xx_hal_rcc.o(i.HAL_RCC_GetPCLK2Freq)
    i.HAL_RCC_GetSysClockFreq                0x0800193c   Section        0  stm32f4xx_hal_rcc.o(i.HAL_RCC_GetSysClockFreq)
    i.HAL_RCC_OscConfig                      0x080019ac   Section        0  stm32f4xx_hal_rcc.o(i.HAL_RCC_OscConfig)
    i.HAL_SYSTICK_CLKSourceConfig            0x08001c90   Section        0  stm32f4xx_hal_cortex.o(i.HAL_SYSTICK_CLKSourceConfig)
    i.HAL_SYSTICK_Callback                   0x08001ca8   Section        0  stm32f4xx_hal_cortex.o(i.HAL_SYSTICK_Callback)
    i.HAL_SYSTICK_Config                     0x08001caa   Section        0  stm32f4xx_hal_cortex.o(i.HAL_SYSTICK_Config)
    i.HAL_SYSTICK_IRQHandler                 0x08001cd2   Section        0  stm32f4xx_hal_cortex.o(i.HAL_SYSTICK_IRQHandler)
    i.HAL_TIM_Base_Init                      0x08001cda   Section        0  stm32f4xx_hal_tim.o(i.HAL_TIM_Base_Init)
    i.HAL_TIM_Base_MspInit                   0x08001d10   Section        0  stm32f4xx_hal_msp.o(i.HAL_TIM_Base_MspInit)
    i.HAL_TIM_MspPostInit                    0x08001d50   Section        0  stm32f4xx_hal_msp.o(i.HAL_TIM_MspPostInit)
    i.HAL_TIM_PWM_ConfigChannel              0x08001d90   Section        0  stm32f4xx_hal_tim.o(i.HAL_TIM_PWM_ConfigChannel)
    i.HAL_TIM_PWM_Init                       0x08001e60   Section        0  stm32f4xx_hal_tim.o(i.HAL_TIM_PWM_Init)
    i.HAL_TIM_PWM_MspInit                    0x08001e96   Section        0  stm32f4xx_hal_tim.o(i.HAL_TIM_PWM_MspInit)
    i.HAL_TIM_PWM_Start                      0x08001e98   Section        0  stm32f4xx_hal_tim.o(i.HAL_TIM_PWM_Start)
    i.HAL_UART_ErrorCallback                 0x08001ed0   Section        0  stm32f4xx_hal_uart.o(i.HAL_UART_ErrorCallback)
    i.HAL_UART_GetState                      0x08001ed2   Section        0  stm32f4xx_hal_uart.o(i.HAL_UART_GetState)
    i.HAL_UART_IRQHandler                    0x08001edc   Section        0  stm32f4xx_hal_uart.o(i.HAL_UART_IRQHandler)
    i.HAL_UART_Init                          0x08001fec   Section        0  stm32f4xx_hal_uart.o(i.HAL_UART_Init)
    i.HAL_UART_MspInit                       0x08002050   Section        0  stm32f4xx_hal_msp.o(i.HAL_UART_MspInit)
    i.HAL_UART_Receive_IT                    0x08002100   Section        0  stm32f4xx_hal_uart.o(i.HAL_UART_Receive_IT)
    i.HAL_UART_RxCpltCallback                0x08002148   Section        0  usart.o(i.HAL_UART_RxCpltCallback)
    i.HAL_UART_Transmit                      0x08002254   Section        0  stm32f4xx_hal_uart.o(i.HAL_UART_Transmit)
    i.HAL_UART_TxCpltCallback                0x0800230e   Section        0  stm32f4xx_hal_uart.o(i.HAL_UART_TxCpltCallback)
    i.HardFault_Handler                      0x08002310   Section        0  stm32f4xx_it.o(i.HardFault_Handler)
    i.IIC_Init                               0x08002314   Section        0  myiic_1.o(i.IIC_Init)
    i.IIC_Init_2                             0x0800235c   Section        0  myiic2.o(i.IIC_Init_2)
    i.LCD_Write                              0x080023a4   Section        0  lcd_driver.o(i.LCD_Write)
    i.MX_ADC1_Init                           0x08002428   Section        0  adc_dma.o(i.MX_ADC1_Init)
    i.MX_DMA_Init                            0x08002478   Section        0  adc_dma.o(i.MX_DMA_Init)
    i.MX_GPIO_Init                           0x08002494   Section        0  gpio_init.o(i.MX_GPIO_Init)
    i.MX_NVIC_Init                           0x08002690   Section        0  adc_dma.o(i.MX_NVIC_Init)
    i.MX_TIM13_Init                          0x08002718   Section        0  pwm.o(i.MX_TIM13_Init)
    i.MX_TIM14_Init                          0x08002774   Section        0  pwm.o(i.MX_TIM14_Init)
    i.MX_USART2_UART_Init                    0x080027d0   Section        0  uart_init.o(i.MX_USART2_UART_Init)
    i.MX_USART3_UART_Init                    0x08002814   Section        0  uart_init.o(i.MX_USART3_UART_Init)
    i.MemManage_Handler                      0x08002858   Section        0  stm32f4xx_it.o(i.MemManage_Handler)
    i.Motor_Ahead                            0x0800285c   Section        0  motor.o(i.Motor_Ahead)
    i.Motor_Ahead_Wait                       0x08002918   Section        0  motor.o(i.Motor_Ahead_Wait)
    i.Motor_Back                             0x08002998   Section        0  motor.o(i.Motor_Back)
    i.Motor_Ruku                             0x08002a54   Section        0  motor.o(i.Motor_Ruku)
    i.NMI_Handler                            0x08002ae8   Section        0  stm32f4xx_it.o(i.NMI_Handler)
    i.NVIC_SetPriority                       0x08002aea   Section        0  stm32f4xx_hal_cortex.o(i.NVIC_SetPriority)
    NVIC_SetPriority                         0x08002aeb   Thumb Code    32  stm32f4xx_hal_cortex.o(i.NVIC_SetPriority)
    i.PendSV_Handler                         0x08002b0a   Section        0  stm32f4xx_it.o(i.PendSV_Handler)
    i.SVC_Handler                            0x08002b0c   Section        0  stm32f4xx_it.o(i.SVC_Handler)
    i.Set_Motor                              0x08002b10   Section        0  motor.o(i.Set_Motor)
    i.Stop                                   0x08002b28   Section        0  motor.o(i.Stop)
    i.SysTick_Handler                        0x08002b3c   Section        0  stm32f4xx_it.o(i.SysTick_Handler)
    i.SystemClock_Config                     0x08002b4c   Section        0  sysclock.o(i.SystemClock_Config)
    i.SystemInit                             0x08002bf4   Section        0  system_stm32f4xx.o(i.SystemInit)
    i.TIM_Base_SetConfig                     0x08002c48   Section        0  stm32f4xx_hal_tim.o(i.TIM_Base_SetConfig)
    i.TIM_CCxChannelCmd                      0x08002d08   Section        0  stm32f4xx_hal_tim.o(i.TIM_CCxChannelCmd)
    i.TIM_OC1_SetConfig                      0x08002d20   Section        0  stm32f4xx_hal_tim.o(i.TIM_OC1_SetConfig)
    TIM_OC1_SetConfig                        0x08002d21   Thumb Code    80  stm32f4xx_hal_tim.o(i.TIM_OC1_SetConfig)
    i.TIM_OC2_SetConfig                      0x08002d78   Section        0  stm32f4xx_hal_tim.o(i.TIM_OC2_SetConfig)
    i.TIM_OC3_SetConfig                      0x08002ddc   Section        0  stm32f4xx_hal_tim.o(i.TIM_OC3_SetConfig)
    TIM_OC3_SetConfig                        0x08002ddd   Thumb Code    88  stm32f4xx_hal_tim.o(i.TIM_OC3_SetConfig)
    i.TIM_OC4_SetConfig                      0x08002e3c   Section        0  stm32f4xx_hal_tim.o(i.TIM_OC4_SetConfig)
    TIM_OC4_SetConfig                        0x08002e3d   Thumb Code    70  stm32f4xx_hal_tim.o(i.TIM_OC4_SetConfig)
    i.UART_DMAAbortOnError                   0x08002e8c   Section        0  stm32f4xx_hal_uart.o(i.UART_DMAAbortOnError)
    UART_DMAAbortOnError                     0x08002e8d   Thumb Code    16  stm32f4xx_hal_uart.o(i.UART_DMAAbortOnError)
    i.UART_EndRxTransfer                     0x08002e9c   Section        0  stm32f4xx_hal_uart.o(i.UART_EndRxTransfer)
    UART_EndRxTransfer                       0x08002e9d   Thumb Code    28  stm32f4xx_hal_uart.o(i.UART_EndRxTransfer)
    i.UART_Receive_IT                        0x08002eb8   Section        0  stm32f4xx_hal_uart.o(i.UART_Receive_IT)
    UART_Receive_IT                          0x08002eb9   Thumb Code   140  stm32f4xx_hal_uart.o(i.UART_Receive_IT)
    i.UART_SetConfig                         0x08002f44   Section        0  stm32f4xx_hal_uart.o(i.UART_SetConfig)
    UART_SetConfig                           0x08002f45   Thumb Code   676  stm32f4xx_hal_uart.o(i.UART_SetConfig)
    i.UART_Transmit_IT                       0x080031f0   Section        0  stm32f4xx_hal_uart.o(i.UART_Transmit_IT)
    UART_Transmit_IT                         0x080031f1   Thumb Code    98  stm32f4xx_hal_uart.o(i.UART_Transmit_IT)
    i.UART_WaitOnFlagUntilTimeout            0x08003252   Section        0  stm32f4xx_hal_uart.o(i.UART_WaitOnFlagUntilTimeout)
    UART_WaitOnFlagUntilTimeout              0x08003253   Thumb Code   100  stm32f4xx_hal_uart.o(i.UART_WaitOnFlagUntilTimeout)
    i.USART1_IRQHandler                      0x080032b8   Section        0  usart.o(i.USART1_IRQHandler)
    i.USART2_IRQHandler                      0x080032e4   Section        0  usart.o(i.USART2_IRQHandler)
    i.USART3_IRQHandler                      0x08003310   Section        0  usart.o(i.USART3_IRQHandler)
    i.Uart_Analyse                           0x0800333c   Section        0  usart.o(i.Uart_Analyse)
    i.Uart_Store                             0x080033bc   Section        0  usart.o(i.Uart_Store)
    i.UsageFault_Handler                     0x08003440   Section        0  stm32f4xx_it.o(i.UsageFault_Handler)
    i.Voltage_Test                           0x08003444   Section        0  lcd_driver.o(i.Voltage_Test)
    i.__0printf$1                            0x080034e8   Section        0  printf1.o(i.__0printf$1)
    i.__scatterload_copy                     0x08003508   Section       14  handlers.o(i.__scatterload_copy)
    i.__scatterload_null                     0x08003516   Section        2  handlers.o(i.__scatterload_null)
    i.__scatterload_zeroinit                 0x08003518   Section       14  handlers.o(i.__scatterload_zeroinit)
    i._printf_core                           0x08003528   Section        0  printf1.o(i._printf_core)
    _printf_core                             0x08003529   Thumb Code   336  printf1.o(i._printf_core)
    i.delay_init                             0x0800367c   Section        0  delay.o(i.delay_init)
    i.delay_ms                               0x08003690   Section        0  delay.o(i.delay_ms)
    i.delay_us                               0x080036ac   Section        0  delay.o(i.delay_us)
    i.fputc                                  0x080036e0   Section        0  main.o(i.fputc)
    i.free                                   0x080036f8   Section        0  malloc.o(i.free)
    i.free_array                             0x08003748   Section        0  usart.o(i.free_array)
    i.main                                   0x08003784   Section        0  main.o(i.main)
    i.malloc                                 0x08003890   Section        0  malloc.o(i.malloc)
    .constdata                               0x080038fc   Section        8  stm32f4xx_hal_dma.o(.constdata)
    flagBitshiftOffset                       0x080038fc   Data           8  stm32f4xx_hal_dma.o(.constdata)
    .constdata                               0x08003904   Section       16  stm32f4xx_hal_rcc.o(.constdata)
    .data                                    0x20000000   Section        4  system_stm32f4xx.o(.data)
    .data                                    0x20000004   Section        4  delay.o(.data)
    fac_us                                   0x20000004   Data           4  delay.o(.data)
    .data                                    0x20000008   Section       16  usart.o(.data)
    i                                        0x20000008   Data           2  usart.o(.data)
    i                                        0x2000000c   Data           4  usart.o(.data)
    j                                        0x20000010   Data           4  usart.o(.data)
    i                                        0x20000014   Data           4  usart.o(.data)
    .data                                    0x20000018   Section       28  motor.o(.data)
    num                                      0x20000018   Data           4  motor.o(.data)
    count1                                   0x2000001c   Data           4  motor.o(.data)
    count2                                   0x20000020   Data           4  motor.o(.data)
    num                                      0x20000024   Data           4  motor.o(.data)
    count1                                   0x20000028   Data           4  motor.o(.data)
    count2                                   0x2000002c   Data           4  motor.o(.data)
    i                                        0x20000030   Data           4  motor.o(.data)
    .data                                    0x20000034   Section        4  stm32f4xx_hal.o(.data)
    .data                                    0x20000038   Section        2  main.o(.data)
    .data                                    0x2000003a   Section        2  main.o(.data)
    .data                                    0x2000003c   Section        6  main.o(.data)
    .data                                    0x20000042   Section        2  main.o(.data)
    .data                                    0x20000044   Section        2  main.o(.data)
    .data                                    0x20000046   Section        2  main.o(.data)
    .data                                    0x20000048   Section        2  main.o(.data)
    .data                                    0x2000004a   Section        2  main.o(.data)
    .data                                    0x2000004c   Section        2  main.o(.data)
    .data                                    0x20000050   Section        4  main.o(.data)
    .data                                    0x20000054   Section       13  main.o(.data)
    .data                                    0x20000061   Section        4  main.o(.data)
    .data                                    0x20000065   Section        4  main.o(.data)
    .data                                    0x20000069   Section        1  main.o(.data)
    .data                                    0x2000006a   Section        3  main.o(.data)
    .data                                    0x2000006d   Section        3  main.o(.data)
    .data                                    0x20000070   Section       11  main.o(.data)
    .data                                    0x2000007b   Section        4  main.o(.data)
    .data                                    0x2000007f   Section        4  main.o(.data)
    .data                                    0x20000083   Section        1  main.o(.data)
    .data                                    0x20000084   Section        1  main.o(.data)
    .data                                    0x20000088   Section        4  main.o(.data)
    .data                                    0x2000008c   Section        1  main.o(.data)
    .data                                    0x2000008d   Section        1  main.o(.data)
    .data                                    0x2000008e   Section        1  main.o(.data)
    .data                                    0x2000008f   Section        1  main.o(.data)
    .data                                    0x20000090   Section        6  main.o(.data)
    .data                                    0x20000098   Section        4  stdout.o(.data)
    .data                                    0x2000009c   Section        4  mvars.o(.data)
    .data                                    0x200000a0   Section        4  mvars.o(.data)
    .bss                                     0x200000a4   Section      200  main.o(.bss)
    .bss                                     0x2000016c   Section      464  main.o(.bss)
    .bss                                     0x2000033c   Section      200  main.o(.bss)
    .bss                                     0x20000404   Section       64  main.o(.bss)
    .bss                                     0x20000444   Section       64  main.o(.bss)
    .bss                                     0x20000484   Section       60  main.o(.bss)
    .bss                                     0x200004c0   Section       60  main.o(.bss)
    .bss                                     0x200004fc   Section       72  main.o(.bss)
    .bss                                     0x20000544   Section       96  main.o(.bss)
    .bss                                     0x200005a4   Section      200  main.o(.bss)
    HEAP                                     0x20000670   Section      512  startup_stm32f429xx.o(HEAP)
    STACK                                    0x20000870   Section     1024  startup_stm32f429xx.o(STACK)

    Global Symbols

    Symbol Name                              Value     Ov Type        Size  Object(Section)

    BuildAttributes$$THM_ISAv4$E$P$D$K$B$S$7EM$VFPi3$EXTD16$VFPS$VFMA$PE$A:L22UL41UL21$X:L11$S22US41US21$IEEE1$IW$USESV6$~STKCKD$USESV7$~SHL$OSPACE$ROPI$EBA8$MICROLIB$REQ8$PRES8$EABIv2 0x00000000   Number         0  anon$$obj.o ABSOLUTE
    __ARM_use_no_argv                        0x00000000   Number         0  main.o ABSOLUTE
    _printf_a                                0x00000000   Number         0  stubs.o ABSOLUTE
    _printf_c                                0x00000000   Number         0  stubs.o ABSOLUTE
    _printf_charcount                        0x00000000   Number         0  stubs.o ABSOLUTE
    _printf_d                                0x00000000   Number         0  stubs.o ABSOLUTE
    _printf_e                                0x00000000   Number         0  stubs.o ABSOLUTE
    _printf_f                                0x00000000   Number         0  stubs.o ABSOLUTE
    _printf_flags                            0x00000000   Number         0  stubs.o ABSOLUTE
    _printf_fp_dec                           0x00000000   Number         0  stubs.o ABSOLUTE
    _printf_fp_hex                           0x00000000   Number         0  stubs.o ABSOLUTE
    _printf_g                                0x00000000   Number         0  stubs.o ABSOLUTE
    _printf_i                                0x00000000   Number         0  stubs.o ABSOLUTE
    _printf_int_dec                          0x00000000   Number         0  stubs.o ABSOLUTE
    _printf_l                                0x00000000   Number         0  stubs.o ABSOLUTE
    _printf_lc                               0x00000000   Number         0  stubs.o ABSOLUTE
    _printf_ll                               0x00000000   Number         0  stubs.o ABSOLUTE
    _printf_lld                              0x00000000   Number         0  stubs.o ABSOLUTE
    _printf_lli                              0x00000000   Number         0  stubs.o ABSOLUTE
    _printf_llo                              0x00000000   Number         0  stubs.o ABSOLUTE
    _printf_llu                              0x00000000   Number         0  stubs.o ABSOLUTE
    _printf_llx                              0x00000000   Number         0  stubs.o ABSOLUTE
    _printf_longlong_dec                     0x00000000   Number         0  stubs.o ABSOLUTE
    _printf_longlong_hex                     0x00000000   Number         0  stubs.o ABSOLUTE
    _printf_longlong_oct                     0x00000000   Number         0  stubs.o ABSOLUTE
    _printf_ls                               0x00000000   Number         0  stubs.o ABSOLUTE
    _printf_mbtowc                           0x00000000   Number         0  stubs.o ABSOLUTE
    _printf_n                                0x00000000   Number         0  stubs.o ABSOLUTE
    _printf_o                                0x00000000   Number         0  stubs.o ABSOLUTE
    _printf_p                                0x00000000   Number         0  stubs.o ABSOLUTE
    _printf_percent                          0x00000000   Number         0  stubs.o ABSOLUTE
    _printf_pre_padding                      0x00000000   Number         0  stubs.o ABSOLUTE
    _printf_return_value                     0x00000000   Number         0  stubs.o ABSOLUTE
    _printf_s                                0x00000000   Number         0  stubs.o ABSOLUTE
    _printf_sizespec                         0x00000000   Number         0  stubs.o ABSOLUTE
    _printf_str                              0x00000000   Number         0  stubs.o ABSOLUTE
    _printf_truncate_signed                  0x00000000   Number         0  stubs.o ABSOLUTE
    _printf_truncate_unsigned                0x00000000   Number         0  stubs.o ABSOLUTE
    _printf_u                                0x00000000   Number         0  stubs.o ABSOLUTE
    _printf_wc                               0x00000000   Number         0  stubs.o ABSOLUTE
    _printf_wctomb                           0x00000000   Number         0  stubs.o ABSOLUTE
    _printf_widthprec                        0x00000000   Number         0  stubs.o ABSOLUTE
    _printf_x                                0x00000000   Number         0  stubs.o ABSOLUTE
    __cpp_initialize__aeabi_                  - Undefined Weak Reference
    __cxa_finalize                            - Undefined Weak Reference
    __decompress                              - Undefined Weak Reference
    _clock_init                               - Undefined Weak Reference
    _microlib_exit                            - Undefined Weak Reference
    __Vectors_Size                           0x000001ac   Number         0  startup_stm32f429xx.o ABSOLUTE
    __Vectors                                0x08000000   Data           4  startup_stm32f429xx.o(RESET)
    __Vectors_End                            0x080001ac   Data           0  startup_stm32f429xx.o(RESET)
    __main                                   0x080001ad   Thumb Code     0  entry.o(.ARM.Collect$$$$00000000)
    _main_stk                                0x080001ad   Thumb Code     0  entry2.o(.ARM.Collect$$$$00000001)
    _main_scatterload                        0x080001b1   Thumb Code     0  entry5.o(.ARM.Collect$$$$00000004)
    __main_after_scatterload                 0x080001b5   Thumb Code     0  entry5.o(.ARM.Collect$$$$00000004)
    _main_clock                              0x080001b5   Thumb Code     0  entry7b.o(.ARM.Collect$$$$00000008)
    _main_cpp_init                           0x080001b5   Thumb Code     0  entry8b.o(.ARM.Collect$$$$0000000A)
    _main_init                               0x080001b5   Thumb Code     0  entry9a.o(.ARM.Collect$$$$0000000B)
    __rt_final_cpp                           0x080001bd   Thumb Code     0  entry10a.o(.ARM.Collect$$$$0000000D)
    __rt_final_exit                          0x080001bd   Thumb Code     0  entry11a.o(.ARM.Collect$$$$0000000F)
    Reset_Handler                            0x080001c1   Thumb Code     8  startup_stm32f429xx.o(.text)
    CAN1_RX0_IRQHandler                      0x080001db   Thumb Code     0  startup_stm32f429xx.o(.text)
    CAN1_RX1_IRQHandler                      0x080001db   Thumb Code     0  startup_stm32f429xx.o(.text)
    CAN1_SCE_IRQHandler                      0x080001db   Thumb Code     0  startup_stm32f429xx.o(.text)
    CAN1_TX_IRQHandler                       0x080001db   Thumb Code     0  startup_stm32f429xx.o(.text)
    CAN2_RX0_IRQHandler                      0x080001db   Thumb Code     0  startup_stm32f429xx.o(.text)
    CAN2_RX1_IRQHandler                      0x080001db   Thumb Code     0  startup_stm32f429xx.o(.text)
    CAN2_SCE_IRQHandler                      0x080001db   Thumb Code     0  startup_stm32f429xx.o(.text)
    CAN2_TX_IRQHandler                       0x080001db   Thumb Code     0  startup_stm32f429xx.o(.text)
    DCMI_IRQHandler                          0x080001db   Thumb Code     0  startup_stm32f429xx.o(.text)
    DMA1_Stream0_IRQHandler                  0x080001db   Thumb Code     0  startup_stm32f429xx.o(.text)
    DMA1_Stream1_IRQHandler                  0x080001db   Thumb Code     0  startup_stm32f429xx.o(.text)
    DMA1_Stream2_IRQHandler                  0x080001db   Thumb Code     0  startup_stm32f429xx.o(.text)
    DMA1_Stream3_IRQHandler                  0x080001db   Thumb Code     0  startup_stm32f429xx.o(.text)
    DMA1_Stream4_IRQHandler                  0x080001db   Thumb Code     0  startup_stm32f429xx.o(.text)
    DMA1_Stream5_IRQHandler                  0x080001db   Thumb Code     0  startup_stm32f429xx.o(.text)
    DMA1_Stream6_IRQHandler                  0x080001db   Thumb Code     0  startup_stm32f429xx.o(.text)
    DMA1_Stream7_IRQHandler                  0x080001db   Thumb Code     0  startup_stm32f429xx.o(.text)
    DMA2D_IRQHandler                         0x080001db   Thumb Code     0  startup_stm32f429xx.o(.text)
    DMA2_Stream1_IRQHandler                  0x080001db   Thumb Code     0  startup_stm32f429xx.o(.text)
    DMA2_Stream2_IRQHandler                  0x080001db   Thumb Code     0  startup_stm32f429xx.o(.text)
    DMA2_Stream3_IRQHandler                  0x080001db   Thumb Code     0  startup_stm32f429xx.o(.text)
    DMA2_Stream4_IRQHandler                  0x080001db   Thumb Code     0  startup_stm32f429xx.o(.text)
    DMA2_Stream5_IRQHandler                  0x080001db   Thumb Code     0  startup_stm32f429xx.o(.text)
    DMA2_Stream6_IRQHandler                  0x080001db   Thumb Code     0  startup_stm32f429xx.o(.text)
    DMA2_Stream7_IRQHandler                  0x080001db   Thumb Code     0  startup_stm32f429xx.o(.text)
    ETH_IRQHandler                           0x080001db   Thumb Code     0  startup_stm32f429xx.o(.text)
    ETH_WKUP_IRQHandler                      0x080001db   Thumb Code     0  startup_stm32f429xx.o(.text)
    EXTI0_IRQHandler                         0x080001db   Thumb Code     0  startup_stm32f429xx.o(.text)
    EXTI15_10_IRQHandler                     0x080001db   Thumb Code     0  startup_stm32f429xx.o(.text)
    EXTI1_IRQHandler                         0x080001db   Thumb Code     0  startup_stm32f429xx.o(.text)
    EXTI2_IRQHandler                         0x080001db   Thumb Code     0  startup_stm32f429xx.o(.text)
    EXTI3_IRQHandler                         0x080001db   Thumb Code     0  startup_stm32f429xx.o(.text)
    EXTI4_IRQHandler                         0x080001db   Thumb Code     0  startup_stm32f429xx.o(.text)
    EXTI9_5_IRQHandler                       0x080001db   Thumb Code     0  startup_stm32f429xx.o(.text)
    FLASH_IRQHandler                         0x080001db   Thumb Code     0  startup_stm32f429xx.o(.text)
    FMC_IRQHandler                           0x080001db   Thumb Code     0  startup_stm32f429xx.o(.text)
    FPU_IRQHandler                           0x080001db   Thumb Code     0  startup_stm32f429xx.o(.text)
    HASH_RNG_IRQHandler                      0x080001db   Thumb Code     0  startup_stm32f429xx.o(.text)
    I2C1_ER_IRQHandler                       0x080001db   Thumb Code     0  startup_stm32f429xx.o(.text)
    I2C1_EV_IRQHandler                       0x080001db   Thumb Code     0  startup_stm32f429xx.o(.text)
    I2C2_ER_IRQHandler                       0x080001db   Thumb Code     0  startup_stm32f429xx.o(.text)
    I2C2_EV_IRQHandler                       0x080001db   Thumb Code     0  startup_stm32f429xx.o(.text)
    I2C3_ER_IRQHandler                       0x080001db   Thumb Code     0  startup_stm32f429xx.o(.text)
    I2C3_EV_IRQHandler                       0x080001db   Thumb Code     0  startup_stm32f429xx.o(.text)
    LTDC_ER_IRQHandler                       0x080001db   Thumb Code     0  startup_stm32f429xx.o(.text)
    LTDC_IRQHandler                          0x080001db   Thumb Code     0  startup_stm32f429xx.o(.text)
    OTG_FS_IRQHandler                        0x080001db   Thumb Code     0  startup_stm32f429xx.o(.text)
    OTG_FS_WKUP_IRQHandler                   0x080001db   Thumb Code     0  startup_stm32f429xx.o(.text)
    OTG_HS_EP1_IN_IRQHandler                 0x080001db   Thumb Code     0  startup_stm32f429xx.o(.text)
    OTG_HS_EP1_OUT_IRQHandler                0x080001db   Thumb Code     0  startup_stm32f429xx.o(.text)
    OTG_HS_IRQHandler                        0x080001db   Thumb Code     0  startup_stm32f429xx.o(.text)
    OTG_HS_WKUP_IRQHandler                   0x080001db   Thumb Code     0  startup_stm32f429xx.o(.text)
    PVD_IRQHandler                           0x080001db   Thumb Code     0  startup_stm32f429xx.o(.text)
    RCC_IRQHandler                           0x080001db   Thumb Code     0  startup_stm32f429xx.o(.text)
    RTC_Alarm_IRQHandler                     0x080001db   Thumb Code     0  startup_stm32f429xx.o(.text)
    RTC_WKUP_IRQHandler                      0x080001db   Thumb Code     0  startup_stm32f429xx.o(.text)
    SAI1_IRQHandler                          0x080001db   Thumb Code     0  startup_stm32f429xx.o(.text)
    SDIO_IRQHandler                          0x080001db   Thumb Code     0  startup_stm32f429xx.o(.text)
    SPI1_IRQHandler                          0x080001db   Thumb Code     0  startup_stm32f429xx.o(.text)
    SPI2_IRQHandler                          0x080001db   Thumb Code     0  startup_stm32f429xx.o(.text)
    SPI3_IRQHandler                          0x080001db   Thumb Code     0  startup_stm32f429xx.o(.text)
    SPI4_IRQHandler                          0x080001db   Thumb Code     0  startup_stm32f429xx.o(.text)
    SPI5_IRQHandler                          0x080001db   Thumb Code     0  startup_stm32f429xx.o(.text)
    SPI6_IRQHandler                          0x080001db   Thumb Code     0  startup_stm32f429xx.o(.text)
    TAMP_STAMP_IRQHandler                    0x080001db   Thumb Code     0  startup_stm32f429xx.o(.text)
    TIM1_BRK_TIM9_IRQHandler                 0x080001db   Thumb Code     0  startup_stm32f429xx.o(.text)
    TIM1_CC_IRQHandler                       0x080001db   Thumb Code     0  startup_stm32f429xx.o(.text)
    TIM1_TRG_COM_TIM11_IRQHandler            0x080001db   Thumb Code     0  startup_stm32f429xx.o(.text)
    TIM1_UP_TIM10_IRQHandler                 0x080001db   Thumb Code     0  startup_stm32f429xx.o(.text)
    TIM2_IRQHandler                          0x080001db   Thumb Code     0  startup_stm32f429xx.o(.text)
    TIM3_IRQHandler                          0x080001db   Thumb Code     0  startup_stm32f429xx.o(.text)
    TIM4_IRQHandler                          0x080001db   Thumb Code     0  startup_stm32f429xx.o(.text)
    TIM5_IRQHandler                          0x080001db   Thumb Code     0  startup_stm32f429xx.o(.text)
    TIM6_DAC_IRQHandler                      0x080001db   Thumb Code     0  startup_stm32f429xx.o(.text)
    TIM7_IRQHandler                          0x080001db   Thumb Code     0  startup_stm32f429xx.o(.text)
    TIM8_BRK_TIM12_IRQHandler                0x080001db   Thumb Code     0  startup_stm32f429xx.o(.text)
    TIM8_CC_IRQHandler                       0x080001db   Thumb Code     0  startup_stm32f429xx.o(.text)
    TIM8_TRG_COM_TIM14_IRQHandler            0x080001db   Thumb Code     0  startup_stm32f429xx.o(.text)
    TIM8_UP_TIM13_IRQHandler                 0x080001db   Thumb Code     0  startup_stm32f429xx.o(.text)
    UART4_IRQHandler                         0x080001db   Thumb Code     0  startup_stm32f429xx.o(.text)
    UART5_IRQHandler                         0x080001db   Thumb Code     0  startup_stm32f429xx.o(.text)
    UART7_IRQHandler                         0x080001db   Thumb Code     0  startup_stm32f429xx.o(.text)
    UART8_IRQHandler                         0x080001db   Thumb Code     0  startup_stm32f429xx.o(.text)
    USART6_IRQHandler                        0x080001db   Thumb Code     0  startup_stm32f429xx.o(.text)
    WWDG_IRQHandler                          0x080001db   Thumb Code     0  startup_stm32f429xx.o(.text)
    __aeabi_uidiv                            0x080001e5   Thumb Code     0  uidiv.o(.text)
    __aeabi_uidivmod                         0x080001e5   Thumb Code    44  uidiv.o(.text)
    __scatterload                            0x08000211   Thumb Code    28  init.o(.text)
    __scatterload_rt2                        0x08000211   Thumb Code     0  init.o(.text)
    ADC_Average                              0x08000235   Thumb Code   136  adc_dma.o(i.ADC_Average)
    ADC_IRQHandler                           0x08000341   Thumb Code     6  stm32f4xx_it.o(i.ADC_IRQHandler)
    Ahead_Trailing                           0x08000481   Thumb Code   618  motor.o(i.Ahead_Trailing)
    Answer                                   0x080006f9   Thumb Code    46  motor.o(i.Answer)
    Back_Trailing                            0x08000739   Thumb Code   618  motor.o(i.Back_Trailing)
    BusFault_Handler                         0x080009b5   Thumb Code     2  stm32f4xx_it.o(i.BusFault_Handler)
    DMA2_Stream0_IRQHandler                  0x080009b9   Thumb Code     6  stm32f4xx_it.o(i.DMA2_Stream0_IRQHandler)
    DebugMon_Handler                         0x08000a69   Thumb Code     2  stm32f4xx_it.o(i.DebugMon_Handler)
    Display                                  0x08000a6b   Thumb Code    48  lcd_driver.o(i.Display)
    Error_Handler                            0x08000a9b   Thumb Code     2  sysclock.o(i.Error_Handler)
    Find_Rfid                                0x08000a9d   Thumb Code   136  motor.o(i.Find_Rfid)
    Find_Rfid_Match                          0x08000b41   Thumb Code   198  motor.o(i.Find_Rfid_Match)
    HAL_ADCEx_InjectedConvCpltCallback       0x08000c1d   Thumb Code     2  stm32f4xx_hal_adc_ex.o(i.HAL_ADCEx_InjectedConvCpltCallback)
    HAL_ADC_ConfigChannel                    0x08000c21   Thumb Code   324  stm32f4xx_hal_adc.o(i.HAL_ADC_ConfigChannel)
    HAL_ADC_ConvCpltCallback                 0x08000d75   Thumb Code     2  stm32f4xx_hal_adc.o(i.HAL_ADC_ConvCpltCallback)
    HAL_ADC_ConvHalfCpltCallback             0x08000d77   Thumb Code     2  stm32f4xx_hal_adc.o(i.HAL_ADC_ConvHalfCpltCallback)
    HAL_ADC_ErrorCallback                    0x08000d79   Thumb Code     2  stm32f4xx_hal_adc.o(i.HAL_ADC_ErrorCallback)
    HAL_ADC_IRQHandler                       0x08000d7b   Thumb Code   316  stm32f4xx_hal_adc.o(i.HAL_ADC_IRQHandler)
    HAL_ADC_Init                             0x08000eb7   Thumb Code    84  stm32f4xx_hal_adc.o(i.HAL_ADC_Init)
    HAL_ADC_LevelOutOfWindowCallback         0x08000f0b   Thumb Code     2  stm32f4xx_hal_adc.o(i.HAL_ADC_LevelOutOfWindowCallback)
    HAL_ADC_MspInit                          0x08000f0d   Thumb Code   106  stm32f4xx_hal_msp.o(i.HAL_ADC_MspInit)
    HAL_ADC_Start_DMA                        0x08000f8d   Thumb Code   228  stm32f4xx_hal_adc.o(i.HAL_ADC_Start_DMA)
    HAL_DMA_Abort_IT                         0x08001089   Thumb Code    36  stm32f4xx_hal_dma.o(i.HAL_DMA_Abort_IT)
    HAL_DMA_IRQHandler                       0x080010ad   Thumb Code   414  stm32f4xx_hal_dma.o(i.HAL_DMA_IRQHandler)
    HAL_DMA_Init                             0x08001255   Thumb Code   202  stm32f4xx_hal_dma.o(i.HAL_DMA_Init)
    HAL_DMA_Start_IT                         0x08001325   Thumb Code   120  stm32f4xx_hal_dma.o(i.HAL_DMA_Start_IT)
    HAL_GPIO_Init                            0x0800139d   Thumb Code   408  stm32f4xx_hal_gpio.o(i.HAL_GPIO_Init)
    HAL_GPIO_ReadPin                         0x08001569   Thumb Code    10  stm32f4xx_hal_gpio.o(i.HAL_GPIO_ReadPin)
    HAL_GPIO_WritePin                        0x08001573   Thumb Code    10  stm32f4xx_hal_gpio.o(i.HAL_GPIO_WritePin)
    HAL_GetTick                              0x0800157d   Thumb Code     6  stm32f4xx_hal.o(i.HAL_GetTick)
    HAL_IncTick                              0x08001589   Thumb Code    10  stm32f4xx_hal.o(i.HAL_IncTick)
    HAL_Init                                 0x08001599   Thumb Code    48  stm32f4xx_hal.o(i.HAL_Init)
    HAL_InitTick                             0x080015cd   Thumb Code    34  stm32f4xx_hal.o(i.HAL_InitTick)
    HAL_MspInit                              0x080015f5   Thumb Code    88  stm32f4xx_hal_msp.o(i.HAL_MspInit)
    HAL_NVIC_EnableIRQ                       0x0800164d   Thumb Code    22  stm32f4xx_hal_cortex.o(i.HAL_NVIC_EnableIRQ)
    HAL_NVIC_SetPriority                     0x08001665   Thumb Code    60  stm32f4xx_hal_cortex.o(i.HAL_NVIC_SetPriority)
    HAL_NVIC_SetPriorityGrouping             0x080016a5   Thumb Code    26  stm32f4xx_hal_cortex.o(i.HAL_NVIC_SetPriorityGrouping)
    HAL_PWREx_EnableOverDrive                0x080016c9   Thumb Code   126  stm32f4xx_hal_pwr_ex.o(i.HAL_PWREx_EnableOverDrive)
    HAL_RCC_ClockConfig                      0x08001755   Thumb Code   364  stm32f4xx_hal_rcc.o(i.HAL_RCC_ClockConfig)
    HAL_RCC_GetHCLKFreq                      0x080018d1   Thumb Code     6  stm32f4xx_hal_rcc.o(i.HAL_RCC_GetHCLKFreq)
    HAL_RCC_GetPCLK1Freq                     0x080018dd   Thumb Code    34  stm32f4xx_hal_rcc.o(i.HAL_RCC_GetPCLK1Freq)
    HAL_RCC_GetPCLK2Freq                     0x0800190d   Thumb Code    34  stm32f4xx_hal_rcc.o(i.HAL_RCC_GetPCLK2Freq)
    HAL_RCC_GetSysClockFreq                  0x0800193d   Thumb Code   104  stm32f4xx_hal_rcc.o(i.HAL_RCC_GetSysClockFreq)
    HAL_RCC_OscConfig                        0x080019ad   Thumb Code   722  stm32f4xx_hal_rcc.o(i.HAL_RCC_OscConfig)
    HAL_SYSTICK_CLKSourceConfig              0x08001c91   Thumb Code    24  stm32f4xx_hal_cortex.o(i.HAL_SYSTICK_CLKSourceConfig)
    HAL_SYSTICK_Callback                     0x08001ca9   Thumb Code     2  stm32f4xx_hal_cortex.o(i.HAL_SYSTICK_Callback)
    HAL_SYSTICK_Config                       0x08001cab   Thumb Code    40  stm32f4xx_hal_cortex.o(i.HAL_SYSTICK_Config)
    HAL_SYSTICK_IRQHandler                   0x08001cd3   Thumb Code     8  stm32f4xx_hal_cortex.o(i.HAL_SYSTICK_IRQHandler)
    HAL_TIM_Base_Init                        0x08001cdb   Thumb Code    54  stm32f4xx_hal_tim.o(i.HAL_TIM_Base_Init)
    HAL_TIM_Base_MspInit                     0x08001d11   Thumb Code    52  stm32f4xx_hal_msp.o(i.HAL_TIM_Base_MspInit)
    HAL_TIM_MspPostInit                      0x08001d51   Thumb Code    52  stm32f4xx_hal_msp.o(i.HAL_TIM_MspPostInit)
    HAL_TIM_PWM_ConfigChannel                0x08001d91   Thumb Code   208  stm32f4xx_hal_tim.o(i.HAL_TIM_PWM_ConfigChannel)
    HAL_TIM_PWM_Init                         0x08001e61   Thumb Code    54  stm32f4xx_hal_tim.o(i.HAL_TIM_PWM_Init)
    HAL_TIM_PWM_MspInit                      0x08001e97   Thumb Code     2  stm32f4xx_hal_tim.o(i.HAL_TIM_PWM_MspInit)
    HAL_TIM_PWM_Start                        0x08001e99   Thumb Code    48  stm32f4xx_hal_tim.o(i.HAL_TIM_PWM_Start)
    HAL_UART_ErrorCallback                   0x08001ed1   Thumb Code     2  stm32f4xx_hal_uart.o(i.HAL_UART_ErrorCallback)
    HAL_UART_GetState                        0x08001ed3   Thumb Code    10  stm32f4xx_hal_uart.o(i.HAL_UART_GetState)
    HAL_UART_IRQHandler                      0x08001edd   Thumb Code   266  stm32f4xx_hal_uart.o(i.HAL_UART_IRQHandler)
    HAL_UART_Init                            0x08001fed   Thumb Code    98  stm32f4xx_hal_uart.o(i.HAL_UART_Init)
    HAL_UART_MspInit                         0x08002051   Thumb Code   146  stm32f4xx_hal_msp.o(i.HAL_UART_MspInit)
    HAL_UART_Receive_IT                      0x08002101   Thumb Code    72  stm32f4xx_hal_uart.o(i.HAL_UART_Receive_IT)
    HAL_UART_RxCpltCallback                  0x08002149   Thumb Code   194  usart.o(i.HAL_UART_RxCpltCallback)
    HAL_UART_Transmit                        0x08002255   Thumb Code   186  stm32f4xx_hal_uart.o(i.HAL_UART_Transmit)
    HAL_UART_TxCpltCallback                  0x0800230f   Thumb Code     2  stm32f4xx_hal_uart.o(i.HAL_UART_TxCpltCallback)
    HardFault_Handler                        0x08002311   Thumb Code     2  stm32f4xx_it.o(i.HardFault_Handler)
    IIC_Init                                 0x08002315   Thumb Code    60  myiic_1.o(i.IIC_Init)
    IIC_Init_2                               0x0800235d   Thumb Code    58  myiic2.o(i.IIC_Init_2)
    LCD_Write                                0x080023a5   Thumb Code   128  lcd_driver.o(i.LCD_Write)
    MX_ADC1_Init                             0x08002429   Thumb Code    70  adc_dma.o(i.MX_ADC1_Init)
    MX_DMA_Init                              0x08002479   Thumb Code    22  adc_dma.o(i.MX_DMA_Init)
    MX_GPIO_Init                             0x08002495   Thumb Code   470  gpio_init.o(i.MX_GPIO_Init)
    MX_NVIC_Init                             0x08002691   Thumb Code   122  adc_dma.o(i.MX_NVIC_Init)
    MX_TIM13_Init                            0x08002719   Thumb Code    84  pwm.o(i.MX_TIM13_Init)
    MX_TIM14_Init                            0x08002775   Thumb Code    84  pwm.o(i.MX_TIM14_Init)
    MX_USART2_UART_Init                      0x080027d1   Thumb Code    54  uart_init.o(i.MX_USART2_UART_Init)
    MX_USART3_UART_Init                      0x08002815   Thumb Code    54  uart_init.o(i.MX_USART3_UART_Init)
    MemManage_Handler                        0x08002859   Thumb Code     2  stm32f4xx_it.o(i.MemManage_Handler)
    Motor_Ahead                              0x0800285d   Thumb Code   162  motor.o(i.Motor_Ahead)
    Motor_Ahead_Wait                         0x08002919   Thumb Code   110  motor.o(i.Motor_Ahead_Wait)
    Motor_Back                               0x08002999   Thumb Code   162  motor.o(i.Motor_Back)
    Motor_Ruku                               0x08002a55   Thumb Code   134  motor.o(i.Motor_Ruku)
    NMI_Handler                              0x08002ae9   Thumb Code     2  stm32f4xx_it.o(i.NMI_Handler)
    PendSV_Handler                           0x08002b0b   Thumb Code     2  stm32f4xx_it.o(i.PendSV_Handler)
    SVC_Handler                              0x08002b0d   Thumb Code     2  stm32f4xx_it.o(i.SVC_Handler)
    Set_Motor                                0x08002b11   Thumb Code    14  motor.o(i.Set_Motor)
    Stop                                     0x08002b29   Thumb Code    20  motor.o(i.Stop)
    SysTick_Handler                          0x08002b3d   Thumb Code    14  stm32f4xx_it.o(i.SysTick_Handler)
    SystemClock_Config                       0x08002b4d   Thumb Code   158  sysclock.o(i.SystemClock_Config)
    SystemInit                               0x08002bf5   Thumb Code    66  system_stm32f4xx.o(i.SystemInit)
    TIM_Base_SetConfig                       0x08002c49   Thumb Code   148  stm32f4xx_hal_tim.o(i.TIM_Base_SetConfig)
    TIM_CCxChannelCmd                        0x08002d09   Thumb Code    22  stm32f4xx_hal_tim.o(i.TIM_CCxChannelCmd)
    TIM_OC2_SetConfig                        0x08002d79   Thumb Code    90  stm32f4xx_hal_tim.o(i.TIM_OC2_SetConfig)
    USART1_IRQHandler                        0x080032b9   Thumb Code    34  usart.o(i.USART1_IRQHandler)
    USART2_IRQHandler                        0x080032e5   Thumb Code    34  usart.o(i.USART2_IRQHandler)
    USART3_IRQHandler                        0x08003311   Thumb Code    34  usart.o(i.USART3_IRQHandler)
    Uart_Analyse                             0x0800333d   Thumb Code   110  usart.o(i.Uart_Analyse)
    Uart_Store                               0x080033bd   Thumb Code    96  usart.o(i.Uart_Store)
    UsageFault_Handler                       0x08003441   Thumb Code     2  stm32f4xx_it.o(i.UsageFault_Handler)
    Voltage_Test                             0x08003445   Thumb Code   138  lcd_driver.o(i.Voltage_Test)
    __0printf$1                              0x080034e9   Thumb Code    22  printf1.o(i.__0printf$1)
    __1printf$1                              0x080034e9   Thumb Code     0  printf1.o(i.__0printf$1)
    __2printf                                0x080034e9   Thumb Code     0  printf1.o(i.__0printf$1)
    __scatterload_copy                       0x08003509   Thumb Code    14  handlers.o(i.__scatterload_copy)
    __scatterload_null                       0x08003517   Thumb Code     2  handlers.o(i.__scatterload_null)
    __scatterload_zeroinit                   0x08003519   Thumb Code    14  handlers.o(i.__scatterload_zeroinit)
    delay_init                               0x0800367d   Thumb Code    16  delay.o(i.delay_init)
    delay_ms                                 0x08003691   Thumb Code    26  delay.o(i.delay_ms)
    delay_us                                 0x080036ad   Thumb Code    48  delay.o(i.delay_us)
    fputc                                    0x080036e1   Thumb Code    20  main.o(i.fputc)
    free                                     0x080036f9   Thumb Code    76  malloc.o(i.free)
    free_array                               0x08003749   Thumb Code    46  usart.o(i.free_array)
    main                                     0x08003785   Thumb Code   254  main.o(i.main)
    malloc                                   0x08003891   Thumb Code    92  malloc.o(i.malloc)
    APBAHBPrescTable                         0x08003904   Data          16  stm32f4xx_hal_rcc.o(.constdata)
    Region$$Table$$Base                      0x08003914   Number         0  anon$$obj.o(Region$$Table)
    Region$$Table$$Limit                     0x08003934   Number         0  anon$$obj.o(Region$$Table)
    SystemCoreClock                          0x20000000   Data           4  system_stm32f4xx.o(.data)
    uwTick                                   0x20000034   Data           4  stm32f4xx_hal.o(.data)
    USART_RX_STA_1                           0x20000038   Data           2  main.o(.data)
    USART_RX_STA_2                           0x2000003a   Data           2  main.o(.data)
    Command_State                            0x2000003c   Data           1  main.o(.data)
    USART_RX_STA_3                           0x2000003e   Data           2  main.o(.data)
    packflag_3                               0x20000040   Data           2  main.o(.data)
    flag_usart_1                             0x20000042   Data           2  main.o(.data)
    packflag_1                               0x20000044   Data           2  main.o(.data)
    flag_usart_2                             0x20000046   Data           2  main.o(.data)
    packflag_2                               0x20000048   Data           2  main.o(.data)
    flag_usart_3                             0x2000004a   Data           2  main.o(.data)
    n                                        0x2000004c   Data           2  main.o(.data)
    Temp                                     0x20000050   Data           4  main.o(.data)
    shuzi                                    0x20000054   Data          13  main.o(.data)
    Tsk                                      0x20000061   Data           4  main.o(.data)
    Loc                                      0x20000065   Data           4  main.o(.data)
    GG                                       0x20000069   Data           1  main.o(.data)
    Rm                                       0x2000006a   Data           3  main.o(.data)
    Bm                                       0x2000006d   Data           3  main.o(.data)
    Read_cmd                                 0x20000070   Data          11  main.o(.data)
    Find_cmd                                 0x2000007b   Data           4  main.o(.data)
    Stop_cmd                                 0x2000007f   Data           4  main.o(.data)
    data_rec_flag                            0x20000083   Data           1  main.o(.data)
    Motor_Status                             0x20000084   Data           1  main.o(.data)
    Track_buff                               0x20000088   Data           4  main.o(.data)
    aRxBuffer_1                              0x2000008c   Data           1  main.o(.data)
    aRxBuffer_2                              0x2000008d   Data           1  main.o(.data)
    aRxBuffer_3                              0x2000008e   Data           1  main.o(.data)
    len                                      0x2000008f   Data           1  main.o(.data)
    ptr                                      0x20000090   Data           6  main.o(.data)
    __stdout                                 0x20000098   Data           4  stdout.o(.data)
    __microlib_freelist                      0x2000009c   Data           4  mvars.o(.data)
    __microlib_freelist_initialised          0x200000a0   Data           4  mvars.o(.data)
    Rx_buff_1                                0x200000a4   Data         200  main.o(.bss)
    Rx_buff_33                               0x2000016c   Data         200  main.o(.bss)
    Rx_buff_3                                0x20000234   Data         200  main.o(.bss)
    huart3                                   0x200002fc   Data          64  main.o(.bss)
    Rx_buff_2                                0x2000033c   Data         200  main.o(.bss)
    huart1                                   0x20000404   Data          64  main.o(.bss)
    huart2                                   0x20000444   Data          64  main.o(.bss)
    htim13                                   0x20000484   Data          60  main.o(.bss)
    htim14                                   0x200004c0   Data          60  main.o(.bss)
    hadc1                                    0x200004fc   Data          72  main.o(.bss)
    hdma_adc1                                0x20000544   Data          96  main.o(.bss)
    uhADCxConvertedValue2                    0x200005a4   Data         200  main.o(.bss)
    __heap_base                              0x20000670   Data           0  startup_stm32f429xx.o(HEAP)
    __heap_limit                             0x20000870   Data           0  startup_stm32f429xx.o(HEAP)
    __initial_sp                             0x20000c70   Data           0  startup_stm32f429xx.o(STACK)



==============================================================================

Memory Map of the image

  Image Entry point : 0x080001ad

  Load Region LR_IROM1 (Base: 0x08000000, Size: 0x000039d8, Max: 0x00100000, ABSOLUTE)

    Execution Region ER_IROM1 (Base: 0x08000000, Size: 0x00003934, Max: 0x00100000, ABSOLUTE)

    Base Addr    Size         Type   Attr      Idx    E Section Name        Object

    0x08000000   0x000001ac   Data   RO          893    RESET               startup_stm32f429xx.o
    0x080001ac   0x00000000   Code   RO         3598  * .ARM.Collect$$$$00000000  mc_w.l(entry.o)
    0x080001ac   0x00000004   Code   RO         3890    .ARM.Collect$$$$00000001  mc_w.l(entry2.o)
    0x080001b0   0x00000004   Code   RO         3893    .ARM.Collect$$$$00000004  mc_w.l(entry5.o)
    0x080001b4   0x00000000   Code   RO         3895    .ARM.Collect$$$$00000008  mc_w.l(entry7b.o)
    0x080001b4   0x00000000   Code   RO         3897    .ARM.Collect$$$$0000000A  mc_w.l(entry8b.o)
    0x080001b4   0x00000008   Code   RO         3898    .ARM.Collect$$$$0000000B  mc_w.l(entry9a.o)
    0x080001bc   0x00000000   Code   RO         3900    .ARM.Collect$$$$0000000D  mc_w.l(entry10a.o)
    0x080001bc   0x00000000   Code   RO         3902    .ARM.Collect$$$$0000000F  mc_w.l(entry11a.o)
    0x080001bc   0x00000004   Code   RO         3891    .ARM.Collect$$$$00002712  mc_w.l(entry2.o)
    0x080001c0   0x00000024   Code   RO          894    .text               startup_stm32f429xx.o
    0x080001e4   0x0000002c   Code   RO         3905    .text               mc_w.l(uidiv.o)
    0x08000210   0x00000024   Code   RO         3926    .text               mc_w.l(init.o)
    0x08000234   0x00000088   Code   RO          536    i.ADC_Average       adc_dma.o
    0x080002bc   0x00000062   Code   RO         3087    i.ADC_DMAConvCplt   stm32f4xx_hal_adc.o
    0x0800031e   0x00000016   Code   RO         3088    i.ADC_DMAError      stm32f4xx_hal_adc.o
    0x08000334   0x0000000a   Code   RO         3089    i.ADC_DMAHalfConvCplt  stm32f4xx_hal_adc.o
    0x0800033e   0x00000002   PAD
    0x08000340   0x0000000c   Code   RO         3362    i.ADC_IRQHandler    stm32f4xx_it.o
    0x0800034c   0x00000134   Code   RO         3090    i.ADC_Init          stm32f4xx_hal_adc.o
    0x08000480   0x00000278   Code   RO          617    i.Ahead_Trailing    motor.o
    0x080006f8   0x00000040   Code   RO          618    i.Answer            motor.o
    0x08000738   0x0000027c   Code   RO          619    i.Back_Trailing     motor.o
    0x080009b4   0x00000002   Code   RO         3363    i.BusFault_Handler  stm32f4xx_it.o
    0x080009b6   0x00000002   PAD
    0x080009b8   0x0000000c   Code   RO         3364    i.DMA2_Stream0_IRQHandler  stm32f4xx_it.o
    0x080009c4   0x00000028   Code   RO          901    i.DMA_CalcBaseAndBitshift  stm32f4xx_hal_dma.o
    0x080009ec   0x00000054   Code   RO          902    i.DMA_CheckFifoParam  stm32f4xx_hal_dma.o
    0x08000a40   0x00000028   Code   RO          903    i.DMA_SetConfig     stm32f4xx_hal_dma.o
    0x08000a68   0x00000002   Code   RO         3365    i.DebugMon_Handler  stm32f4xx_it.o
    0x08000a6a   0x00000030   Code   RO          846    i.Display           lcd_driver.o
    0x08000a9a   0x00000002   Code   RO          506    i.Error_Handler     sysclock.o
    0x08000a9c   0x000000a4   Code   RO          620    i.Find_Rfid         motor.o
    0x08000b40   0x000000dc   Code   RO          621    i.Find_Rfid_Match   motor.o
    0x08000c1c   0x00000002   Code   RO         3261    i.HAL_ADCEx_InjectedConvCpltCallback  stm32f4xx_hal_adc_ex.o
    0x08000c1e   0x00000002   PAD
    0x08000c20   0x00000154   Code   RO         3092    i.HAL_ADC_ConfigChannel  stm32f4xx_hal_adc.o
    0x08000d74   0x00000002   Code   RO         3093    i.HAL_ADC_ConvCpltCallback  stm32f4xx_hal_adc.o
    0x08000d76   0x00000002   Code   RO         3094    i.HAL_ADC_ConvHalfCpltCallback  stm32f4xx_hal_adc.o
    0x08000d78   0x00000002   Code   RO         3096    i.HAL_ADC_ErrorCallback  stm32f4xx_hal_adc.o
    0x08000d7a   0x0000013c   Code   RO         3100    i.HAL_ADC_IRQHandler  stm32f4xx_hal_adc.o
    0x08000eb6   0x00000054   Code   RO         3101    i.HAL_ADC_Init      stm32f4xx_hal_adc.o
    0x08000f0a   0x00000002   Code   RO         3102    i.HAL_ADC_LevelOutOfWindowCallback  stm32f4xx_hal_adc.o
    0x08000f0c   0x00000080   Code   RO         3451    i.HAL_ADC_MspInit   stm32f4xx_hal_msp.o
    0x08000f8c   0x000000fc   Code   RO         3108    i.HAL_ADC_Start_DMA  stm32f4xx_hal_adc.o
    0x08001088   0x00000024   Code   RO          905    i.HAL_DMA_Abort_IT  stm32f4xx_hal_dma.o
    0x080010ac   0x000001a8   Code   RO          909    i.HAL_DMA_IRQHandler  stm32f4xx_hal_dma.o
    0x08001254   0x000000d0   Code   RO          910    i.HAL_DMA_Init      stm32f4xx_hal_dma.o
    0x08001324   0x00000078   Code   RO          914    i.HAL_DMA_Start_IT  stm32f4xx_hal_dma.o
    0x0800139c   0x000001cc   Code   RO         1362    i.HAL_GPIO_Init     stm32f4xx_hal_gpio.o
    0x08001568   0x0000000a   Code   RO         1364    i.HAL_GPIO_ReadPin  stm32f4xx_hal_gpio.o
    0x08001572   0x0000000a   Code   RO         1366    i.HAL_GPIO_WritePin  stm32f4xx_hal_gpio.o
    0x0800157c   0x0000000c   Code   RO         1440    i.HAL_GetTick       stm32f4xx_hal.o
    0x08001588   0x00000010   Code   RO         1441    i.HAL_IncTick       stm32f4xx_hal.o
    0x08001598   0x00000034   Code   RO         1442    i.HAL_Init          stm32f4xx_hal.o
    0x080015cc   0x00000028   Code   RO         1443    i.HAL_InitTick      stm32f4xx_hal.o
    0x080015f4   0x00000058   Code   RO         3452    i.HAL_MspInit       stm32f4xx_hal_msp.o
    0x0800164c   0x00000016   Code   RO         2336    i.HAL_NVIC_EnableIRQ  stm32f4xx_hal_cortex.o
    0x08001662   0x00000002   PAD
    0x08001664   0x00000040   Code   RO         2342    i.HAL_NVIC_SetPriority  stm32f4xx_hal_cortex.o
    0x080016a4   0x00000024   Code   RO         2343    i.HAL_NVIC_SetPriorityGrouping  stm32f4xx_hal_cortex.o
    0x080016c8   0x0000008c   Code   RO         1252    i.HAL_PWREx_EnableOverDrive  stm32f4xx_hal_pwr_ex.o
    0x08001754   0x0000017c   Code   RO         1739    i.HAL_RCC_ClockConfig  stm32f4xx_hal_rcc.o
    0x080018d0   0x0000000c   Code   RO         1744    i.HAL_RCC_GetHCLKFreq  stm32f4xx_hal_rcc.o
    0x080018dc   0x00000030   Code   RO         1746    i.HAL_RCC_GetPCLK1Freq  stm32f4xx_hal_rcc.o
    0x0800190c   0x00000030   Code   RO         1747    i.HAL_RCC_GetPCLK2Freq  stm32f4xx_hal_rcc.o
    0x0800193c   0x00000070   Code   RO         1748    i.HAL_RCC_GetSysClockFreq  stm32f4xx_hal_rcc.o
    0x080019ac   0x000002e4   Code   RO         1751    i.HAL_RCC_OscConfig  stm32f4xx_hal_rcc.o
    0x08001c90   0x00000018   Code   RO         2345    i.HAL_SYSTICK_CLKSourceConfig  stm32f4xx_hal_cortex.o
    0x08001ca8   0x00000002   Code   RO         2346    i.HAL_SYSTICK_Callback  stm32f4xx_hal_cortex.o
    0x08001caa   0x00000028   Code   RO         2347    i.HAL_SYSTICK_Config  stm32f4xx_hal_cortex.o
    0x08001cd2   0x00000008   Code   RO         2348    i.HAL_SYSTICK_IRQHandler  stm32f4xx_hal_cortex.o
    0x08001cda   0x00000036   Code   RO         2458    i.HAL_TIM_Base_Init  stm32f4xx_hal_tim.o
    0x08001d10   0x00000040   Code   RO         3454    i.HAL_TIM_Base_MspInit  stm32f4xx_hal_msp.o
    0x08001d50   0x00000040   Code   RO         3455    i.HAL_TIM_MspPostInit  stm32f4xx_hal_msp.o
    0x08001d90   0x000000d0   Code   RO         2524    i.HAL_TIM_PWM_ConfigChannel  stm32f4xx_hal_tim.o
    0x08001e60   0x00000036   Code   RO         2527    i.HAL_TIM_PWM_Init  stm32f4xx_hal_tim.o
    0x08001e96   0x00000002   Code   RO         2529    i.HAL_TIM_PWM_MspInit  stm32f4xx_hal_tim.o
    0x08001e98   0x00000038   Code   RO         2531    i.HAL_TIM_PWM_Start  stm32f4xx_hal_tim.o
    0x08001ed0   0x00000002   Code   RO         1993    i.HAL_UART_ErrorCallback  stm32f4xx_hal_uart.o
    0x08001ed2   0x0000000a   Code   RO         1995    i.HAL_UART_GetState  stm32f4xx_hal_uart.o
    0x08001edc   0x00000110   Code   RO         1996    i.HAL_UART_IRQHandler  stm32f4xx_hal_uart.o
    0x08001fec   0x00000062   Code   RO         1997    i.HAL_UART_Init     stm32f4xx_hal_uart.o
    0x0800204e   0x00000002   PAD
    0x08002050   0x000000b0   Code   RO         3457    i.HAL_UART_MspInit  stm32f4xx_hal_msp.o
    0x08002100   0x00000048   Code   RO         2002    i.HAL_UART_Receive_IT  stm32f4xx_hal_uart.o
    0x08002148   0x0000010c   Code   RO          218    i.HAL_UART_RxCpltCallback  usart.o
    0x08002254   0x000000ba   Code   RO         2005    i.HAL_UART_Transmit  stm32f4xx_hal_uart.o
    0x0800230e   0x00000002   Code   RO         2008    i.HAL_UART_TxCpltCallback  stm32f4xx_hal_uart.o
    0x08002310   0x00000002   Code   RO         3366    i.HardFault_Handler  stm32f4xx_it.o
    0x08002312   0x00000002   PAD
    0x08002314   0x00000048   Code   RO          781    i.IIC_Init          myiic_1.o
    0x0800235c   0x00000048   Code   RO          351    i.IIC_Init_2        myiic2.o
    0x080023a4   0x00000084   Code   RO          847    i.LCD_Write         lcd_driver.o
    0x08002428   0x00000050   Code   RO          537    i.MX_ADC1_Init      adc_dma.o
    0x08002478   0x0000001c   Code   RO          538    i.MX_DMA_Init       adc_dma.o
    0x08002494   0x000001fc   Code   RO          482    i.MX_GPIO_Init      gpio_init.o
    0x08002690   0x00000088   Code   RO          539    i.MX_NVIC_Init      adc_dma.o
    0x08002718   0x0000005c   Code   RO          452    i.MX_TIM13_Init     pwm.o
    0x08002774   0x0000005c   Code   RO          453    i.MX_TIM14_Init     pwm.o
    0x080027d0   0x00000044   Code   RO          417    i.MX_USART2_UART_Init  uart_init.o
    0x08002814   0x00000044   Code   RO          418    i.MX_USART3_UART_Init  uart_init.o
    0x08002858   0x00000002   Code   RO         3367    i.MemManage_Handler  stm32f4xx_it.o
    0x0800285a   0x00000002   PAD
    0x0800285c   0x000000bc   Code   RO          622    i.Motor_Ahead       motor.o
    0x08002918   0x00000080   Code   RO          623    i.Motor_Ahead_Wait  motor.o
    0x08002998   0x000000bc   Code   RO          624    i.Motor_Back        motor.o
    0x08002a54   0x00000094   Code   RO          625    i.Motor_Ruku        motor.o
    0x08002ae8   0x00000002   Code   RO         3368    i.NMI_Handler       stm32f4xx_it.o
    0x08002aea   0x00000020   Code   RO         2349    i.NVIC_SetPriority  stm32f4xx_hal_cortex.o
    0x08002b0a   0x00000002   Code   RO         3369    i.PendSV_Handler    stm32f4xx_it.o
    0x08002b0c   0x00000002   Code   RO         3370    i.SVC_Handler       stm32f4xx_it.o
    0x08002b0e   0x00000002   PAD
    0x08002b10   0x00000018   Code   RO          627    i.Set_Motor         motor.o
    0x08002b28   0x00000014   Code   RO          629    i.Stop              motor.o
    0x08002b3c   0x0000000e   Code   RO         3371    i.SysTick_Handler   stm32f4xx_it.o
    0x08002b4a   0x00000002   PAD
    0x08002b4c   0x000000a8   Code   RO          507    i.SystemClock_Config  sysclock.o
    0x08002bf4   0x00000054   Code   RO            5    i.SystemInit        system_stm32f4xx.o
    0x08002c48   0x000000c0   Code   RO         2542    i.TIM_Base_SetConfig  stm32f4xx_hal_tim.o
    0x08002d08   0x00000016   Code   RO         2543    i.TIM_CCxChannelCmd  stm32f4xx_hal_tim.o
    0x08002d1e   0x00000002   PAD
    0x08002d20   0x00000058   Code   RO         2551    i.TIM_OC1_SetConfig  stm32f4xx_hal_tim.o
    0x08002d78   0x00000064   Code   RO         2552    i.TIM_OC2_SetConfig  stm32f4xx_hal_tim.o
    0x08002ddc   0x00000060   Code   RO         2553    i.TIM_OC3_SetConfig  stm32f4xx_hal_tim.o
    0x08002e3c   0x00000050   Code   RO         2554    i.TIM_OC4_SetConfig  stm32f4xx_hal_tim.o
    0x08002e8c   0x00000010   Code   RO         2010    i.UART_DMAAbortOnError  stm32f4xx_hal_uart.o
    0x08002e9c   0x0000001c   Code   RO         2016    i.UART_EndRxTransfer  stm32f4xx_hal_uart.o
    0x08002eb8   0x0000008c   Code   RO         2018    i.UART_Receive_IT   stm32f4xx_hal_uart.o
    0x08002f44   0x000002ac   Code   RO         2019    i.UART_SetConfig    stm32f4xx_hal_uart.o
    0x080031f0   0x00000062   Code   RO         2020    i.UART_Transmit_IT  stm32f4xx_hal_uart.o
    0x08003252   0x00000064   Code   RO         2021    i.UART_WaitOnFlagUntilTimeout  stm32f4xx_hal_uart.o
    0x080032b6   0x00000002   PAD
    0x080032b8   0x0000002c   Code   RO          219    i.USART1_IRQHandler  usart.o
    0x080032e4   0x0000002c   Code   RO          220    i.USART2_IRQHandler  usart.o
    0x08003310   0x0000002c   Code   RO          221    i.USART3_IRQHandler  usart.o
    0x0800333c   0x00000080   Code   RO          222    i.Uart_Analyse      usart.o
    0x080033bc   0x00000084   Code   RO          223    i.Uart_Store        usart.o
    0x08003440   0x00000002   Code   RO         3372    i.UsageFault_Handler  stm32f4xx_it.o
    0x08003442   0x00000002   PAD
    0x08003444   0x000000a4   Code   RO          850    i.Voltage_Test      lcd_driver.o
    0x080034e8   0x00000020   Code   RO         3646    i.__0printf$1       mc_w.l(printf1.o)
    0x08003508   0x0000000e   Code   RO         3938    i.__scatterload_copy  mc_w.l(handlers.o)
    0x08003516   0x00000002   Code   RO         3939    i.__scatterload_null  mc_w.l(handlers.o)
    0x08003518   0x0000000e   Code   RO         3940    i.__scatterload_zeroinit  mc_w.l(handlers.o)
    0x08003526   0x00000002   PAD
    0x08003528   0x00000154   Code   RO         3653    i._printf_core      mc_w.l(printf1.o)
    0x0800367c   0x00000014   Code   RO          139    i.delay_init        delay.o
    0x08003690   0x0000001a   Code   RO          140    i.delay_ms          delay.o
    0x080036aa   0x00000002   PAD
    0x080036ac   0x00000034   Code   RO          141    i.delay_us          delay.o
    0x080036e0   0x00000018   Code   RO         3517    i.fputc             main.o
    0x080036f8   0x00000050   Code   RO         3862    i.free              mc_w.l(malloc.o)
    0x08003748   0x0000003c   Code   RO          225    i.free_array        usart.o
    0x08003784   0x0000010c   Code   RO         3518    i.main              main.o
    0x08003890   0x0000006c   Code   RO         3863    i.malloc            mc_w.l(malloc.o)
    0x080038fc   0x00000008   Data   RO          916    .constdata          stm32f4xx_hal_dma.o
    0x08003904   0x00000010   Data   RO         1752    .constdata          stm32f4xx_hal_rcc.o
    0x08003914   0x00000020   Data   RO         3936    Region$$Table       anon$$obj.o


    Execution Region RW_IRAM1 (Base: 0x20000000, Size: 0x00000c70, Max: 0x00030000, ABSOLUTE)

    Base Addr    Size         Type   Attr      Idx    E Section Name        Object

    0x20000000   0x00000004   Data   RW            7    .data               system_stm32f4xx.o
    0x20000004   0x00000004   Data   RW          142    .data               delay.o
    0x20000008   0x00000010   Data   RW          226    .data               usart.o
    0x20000018   0x0000001c   Data   RW          630    .data               motor.o
    0x20000034   0x00000004   Data   RW         1448    .data               stm32f4xx_hal.o
    0x20000038   0x00000002   Data   RW         3529    .data               main.o
    0x2000003a   0x00000002   Data   RW         3531    .data               main.o
    0x2000003c   0x00000006   Data   RW         3532    .data               main.o
    0x20000042   0x00000002   Data   RW         3534    .data               main.o
    0x20000044   0x00000002   Data   RW         3535    .data               main.o
    0x20000046   0x00000002   Data   RW         3536    .data               main.o
    0x20000048   0x00000002   Data   RW         3537    .data               main.o
    0x2000004a   0x00000002   Data   RW         3538    .data               main.o
    0x2000004c   0x00000002   Data   RW         3539    .data               main.o
    0x2000004e   0x00000002   PAD
    0x20000050   0x00000004   Data   RW         3540    .data               main.o
    0x20000054   0x0000000d   Data   RW         3541    .data               main.o
    0x20000061   0x00000004   Data   RW         3544    .data               main.o
    0x20000065   0x00000004   Data   RW         3545    .data               main.o
    0x20000069   0x00000001   Data   RW         3549    .data               main.o
    0x2000006a   0x00000003   Data   RW         3550    .data               main.o
    0x2000006d   0x00000003   Data   RW         3551    .data               main.o
    0x20000070   0x0000000b   Data   RW         3555    .data               main.o
    0x2000007b   0x00000004   Data   RW         3556    .data               main.o
    0x2000007f   0x00000004   Data   RW         3557    .data               main.o
    0x20000083   0x00000001   Data   RW         3558    .data               main.o
    0x20000084   0x00000001   Data   RW         3559    .data               main.o
    0x20000085   0x00000003   PAD
    0x20000088   0x00000004   Data   RW         3560    .data               main.o
    0x2000008c   0x00000001   Data   RW         3561    .data               main.o
    0x2000008d   0x00000001   Data   RW         3562    .data               main.o
    0x2000008e   0x00000001   Data   RW         3563    .data               main.o
    0x2000008f   0x00000001   Data   RW         3564    .data               main.o
    0x20000090   0x00000006   Data   RW         3567    .data               main.o
    0x20000096   0x00000002   PAD
    0x20000098   0x00000004   Data   RW         3904    .data               mc_w.l(stdout.o)
    0x2000009c   0x00000004   Data   RW         3913    .data               mc_w.l(mvars.o)
    0x200000a0   0x00000004   Data   RW         3914    .data               mc_w.l(mvars.o)
    0x200000a4   0x000000c8   Zero   RW         3519    .bss                main.o
    0x2000016c   0x000001d0   Zero   RW         3520    .bss                main.o
    0x2000033c   0x000000c8   Zero   RW         3521    .bss                main.o
    0x20000404   0x00000040   Zero   RW         3522    .bss                main.o
    0x20000444   0x00000040   Zero   RW         3523    .bss                main.o
    0x20000484   0x0000003c   Zero   RW         3524    .bss                main.o
    0x200004c0   0x0000003c   Zero   RW         3525    .bss                main.o
    0x200004fc   0x00000048   Zero   RW         3526    .bss                main.o
    0x20000544   0x00000060   Zero   RW         3527    .bss                main.o
    0x200005a4   0x000000c8   Zero   RW         3528    .bss                main.o
    0x2000066c   0x00000004   PAD
    0x20000670   0x00000200   Zero   RW          892    HEAP                startup_stm32f429xx.o
    0x20000870   0x00000400   Zero   RW          891    STACK               startup_stm32f429xx.o


==============================================================================

Image component sizes


      Code (inc. data)   RO Data    RW Data    ZI Data      Debug   Object Name

       380         30          0          0          0       2730   adc_dma.o
        98          8          0          4          0       4403   delay.o
       508         38          0          0          0       1383   gpio_init.o
       344         30          0          0          0       2109   lcd_driver.o
       292         28          0         89       1480       4205   main.o
      2412        212          0         28          0       7870   motor.o
        72         14          0          0          0        973   myiic2.o
        72         12          0          0          0        915   myiic_1.o
       184         16          0          0          0       1208   pwm.o
        36          8        428          0       1536        824   startup_stm32f429xx.o
       120         22          0          4          0       3783   stm32f4xx_hal.o
      1438         48          0          0          0       8685   stm32f4xx_hal_adc.o
         2          0          0          0          0       1045   stm32f4xx_hal_adc_ex.o
       228         14          0          0          0      32065   stm32f4xx_hal_cortex.o
       952         22          8          0          0       6070   stm32f4xx_hal_dma.o
       480         52          0          0          0       3063   stm32f4xx_hal_gpio.o
       520         76          0          0          0       3832   stm32f4xx_hal_msp.o
       140         14          0          0          0       1356   stm32f4xx_hal_pwr_ex.o
      1340         76         16          0          0       5995   stm32f4xx_hal_rcc.o
       952         88          0          0          0       8922   stm32f4xx_hal_tim.o
      1708         14          0          0          0       9955   stm32f4xx_hal_uart.o
        54         12          0          0          0       5425   stm32f4xx_it.o
       170         10          0          0          0       1581   sysclock.o
        84         18          0          4          0     366741   system_stm32f4xx.o
       136         28          0          0          0       1116   uart_init.o
       720        172          0         16          0       4447   usart.o

    ----------------------------------------------------------------------
     13468       1062        484        152       3020     490701   Object Totals
         0          0         32          0          0          0   (incl. Generated)
        26          0          0          7          4          0   (incl. Padding)

    ----------------------------------------------------------------------

      Code (inc. data)   RO Data    RW Data    ZI Data      Debug   Library Member Name

         0          0          0          0          0          0   entry.o
         0          0          0          0          0          0   entry10a.o
         0          0          0          0          0          0   entry11a.o
         8          4          0          0          0          0   entry2.o
         4          0          0          0          0          0   entry5.o
         0          0          0          0          0          0   entry7b.o
         0          0          0          0          0          0   entry8b.o
         8          4          0          0          0          0   entry9a.o
        30          0          0          0          0          0   handlers.o
        36          8          0          0          0         68   init.o
       188         20          0          0          0        160   malloc.o
         0          0          0          8          0          0   mvars.o
       372         14          0          0          0        184   printf1.o
         0          0          0          4          0          0   stdout.o
        44          0          0          0          0         80   uidiv.o

    ----------------------------------------------------------------------
       692         50          0         12          0        492   Library Totals
         2          0          0          0          0          0   (incl. Padding)

    ----------------------------------------------------------------------

      Code (inc. data)   RO Data    RW Data    ZI Data      Debug   Library Name

       690         50          0         12          0        492   mc_w.l

    ----------------------------------------------------------------------
       692         50          0         12          0        492   Library Totals

    ----------------------------------------------------------------------

==============================================================================


      Code (inc. data)   RO Data    RW Data    ZI Data      Debug   

     14160       1112        484        164       3020     479841   Grand Totals
     14160       1112        484        164       3020     479841   ELF Image Totals
     14160       1112        484        164          0          0   ROM Totals

==============================================================================

    Total RO  Size (Code + RO Data)                14644 (  14.30kB)
    Total RW  Size (RW Data + ZI Data)              3184 (   3.11kB)
    Total ROM Size (Code + RO Data + RW Data)      14808 (  14.46kB)

==============================================================================

